[debug] [2025-08-31T15:43:25.662Z] ----------------------------------------------------------------------
[debug] [2025-08-31T15:43:25.664Z] Command:       C:\Program Files\nodejs\node.exe C:\Users\Jefferson\AppData\Roaming\npm\node_modules\firebase-tools\lib\bin\firebase.js deploy
[debug] [2025-08-31T15:43:25.665Z] CLI Version:   14.15.1
[debug] [2025-08-31T15:43:25.665Z] Platform:      win32
[debug] [2025-08-31T15:43:25.665Z] Node Version:  v22.17.0
[debug] [2025-08-31T15:43:25.665Z] Time:          Sun Aug 31 2025 23:43:25 GMT+0800 (China Standard Time)
[debug] [2025-08-31T15:43:25.665Z] ----------------------------------------------------------------------
[debug] 
[debug] [2025-08-31T15:43:25.832Z] > command requires scopes: ["email","openid","https://www.googleapis.com/auth/cloudplatformprojects.readonly","https://www.googleapis.com/auth/firebase","https://www.googleapis.com/auth/cloud-platform"]
[debug] [2025-08-31T15:43:25.832Z] > authorizing via signed-in user (viscayno.jefferson.jv@gmail.com)
[debug] [2025-08-31T15:43:25.832Z] [iam] checking project barangaymed for permissions ["cloudfunctions.functions.create","cloudfunctions.functions.delete","cloudfunctions.functions.get","cloudfunctions.functions.list","cloudfunctions.functions.update","cloudfunctions.operations.get","datastore.indexes.create","datastore.indexes.delete","datastore.indexes.list","datastore.indexes.update","firebase.projects.get","firebasehosting.sites.update","firebaserules.releases.create","firebaserules.releases.update","firebaserules.rulesets.create"]
[debug] [2025-08-31T15:43:25.833Z] Checked if tokens are valid: true, expires at: 1756657011062
[debug] [2025-08-31T15:43:25.833Z] Checked if tokens are valid: true, expires at: 1756657011062
[debug] [2025-08-31T15:43:25.834Z] >>> [apiv2][query] POST https://cloudresourcemanager.googleapis.com/v1/projects/barangaymed:testIamPermissions [none]
[debug] [2025-08-31T15:43:25.834Z] >>> [apiv2][(partial)header] POST https://cloudresourcemanager.googleapis.com/v1/projects/barangaymed:testIamPermissions x-goog-quota-user=projects/barangaymed
[debug] [2025-08-31T15:43:25.834Z] >>> [apiv2][body] POST https://cloudresourcemanager.googleapis.com/v1/projects/barangaymed:testIamPermissions {"permissions":["cloudfunctions.functions.create","cloudfunctions.functions.delete","cloudfunctions.functions.get","cloudfunctions.functions.list","cloudfunctions.functions.update","cloudfunctions.operations.get","datastore.indexes.create","datastore.indexes.delete","datastore.indexes.list","datastore.indexes.update","firebase.projects.get","firebasehosting.sites.update","firebaserules.releases.create","firebaserules.releases.update","firebaserules.rulesets.create"]}
[debug] [2025-08-31T15:43:26.802Z] <<< [apiv2][status] POST https://cloudresourcemanager.googleapis.com/v1/projects/barangaymed:testIamPermissions 200
[debug] [2025-08-31T15:43:26.802Z] <<< [apiv2][body] POST https://cloudresourcemanager.googleapis.com/v1/projects/barangaymed:testIamPermissions {"permissions":["cloudfunctions.functions.create","cloudfunctions.functions.delete","cloudfunctions.functions.get","cloudfunctions.functions.list","cloudfunctions.functions.update","cloudfunctions.operations.get","datastore.indexes.create","datastore.indexes.delete","datastore.indexes.list","datastore.indexes.update","firebase.projects.get","firebasehosting.sites.update","firebaserules.releases.create","firebaserules.releases.update","firebaserules.rulesets.create"]}
[debug] [2025-08-31T15:43:26.802Z] Checked if tokens are valid: true, expires at: 1756657011062
[debug] [2025-08-31T15:43:26.802Z] Checked if tokens are valid: true, expires at: 1756657011062
[debug] [2025-08-31T15:43:26.803Z] >>> [apiv2][query] POST https://iam.googleapis.com/v1/projects/barangaymed/serviceAccounts/barangaymed@appspot.gserviceaccount.com:testIamPermissions [none]
[debug] [2025-08-31T15:43:26.803Z] >>> [apiv2][body] POST https://iam.googleapis.com/v1/projects/barangaymed/serviceAccounts/barangaymed@appspot.gserviceaccount.com:testIamPermissions {"permissions":["iam.serviceAccounts.actAs"]}
[debug] [2025-08-31T15:43:27.938Z] <<< [apiv2][status] POST https://iam.googleapis.com/v1/projects/barangaymed/serviceAccounts/barangaymed@appspot.gserviceaccount.com:testIamPermissions 200
[debug] [2025-08-31T15:43:27.939Z] <<< [apiv2][body] POST https://iam.googleapis.com/v1/projects/barangaymed/serviceAccounts/barangaymed@appspot.gserviceaccount.com:testIamPermissions {"permissions":["iam.serviceAccounts.actAs"]}
[debug] [2025-08-31T15:43:27.940Z] Checked if tokens are valid: true, expires at: 1756657011062
[debug] [2025-08-31T15:43:27.940Z] Checked if tokens are valid: true, expires at: 1756657011062
[debug] [2025-08-31T15:43:27.941Z] >>> [apiv2][query] GET https://firebase.googleapis.com/v1beta1/projects/barangaymed [none]
[debug] [2025-08-31T15:43:28.261Z] <<< [apiv2][status] GET https://firebase.googleapis.com/v1beta1/projects/barangaymed 200
[debug] [2025-08-31T15:43:28.261Z] <<< [apiv2][body] GET https://firebase.googleapis.com/v1beta1/projects/barangaymed {"projectId":"barangaymed","projectNumber":"18633162801","displayName":"BarangayMed","name":"projects/barangaymed","resources":{"hostingSite":"barangaymed"},"state":"ACTIVE","etag":"1_73b91308-5c92-4731-ab9e-0a46cb1600a1"}
[info] 
[info] === Deploying to 'barangaymed'...
[info] 
[info] i  deploying storage, firestore, functions, hosting 
[info] Running command: npm --prefix functions run lint
[info] Running command: npm --prefix functions run build
[info] +  functions: Finished running predeploy script. 
[info] i  storage: ensuring required API firebasestorage.googleapis.com is enabled... 
[debug] [2025-08-31T15:43:32.742Z] Checked if tokens are valid: true, expires at: 1756657011062
[debug] [2025-08-31T15:43:32.744Z] Checked if tokens are valid: true, expires at: 1756657011062
[debug] [2025-08-31T15:43:32.744Z] >>> [apiv2][query] GET https://serviceusage.googleapis.com/v1/projects/barangaymed/services/firebasestorage.googleapis.com [none]
[debug] [2025-08-31T15:43:32.744Z] >>> [apiv2][(partial)header] GET https://serviceusage.googleapis.com/v1/projects/barangaymed/services/firebasestorage.googleapis.com x-goog-quota-user=projects/barangaymed
[debug] [2025-08-31T15:43:34.052Z] <<< [apiv2][status] GET https://serviceusage.googleapis.com/v1/projects/barangaymed/services/firebasestorage.googleapis.com 200
[debug] [2025-08-31T15:43:34.052Z] <<< [apiv2][body] GET https://serviceusage.googleapis.com/v1/projects/barangaymed/services/firebasestorage.googleapis.com [omitted]
[info] +  storage: required API firebasestorage.googleapis.com is enabled 
[debug] [2025-08-31T15:43:34.060Z] Checked if tokens are valid: true, expires at: 1756657011062
[debug] [2025-08-31T15:43:34.061Z] Checked if tokens are valid: true, expires at: 1756657011062
[debug] [2025-08-31T15:43:34.061Z] >>> [apiv2][query] GET https://firebasestorage.googleapis.com/v1alpha/projects/barangaymed/defaultBucket [none]
[debug] [2025-08-31T15:43:34.957Z] <<< [apiv2][status] GET https://firebasestorage.googleapis.com/v1alpha/projects/barangaymed/defaultBucket 200
[debug] [2025-08-31T15:43:34.957Z] <<< [apiv2][body] GET https://firebasestorage.googleapis.com/v1alpha/projects/barangaymed/defaultBucket {"name":"projects/barangaymed/defaultBucket","location":"US-CENTRAL1","bucket":{"name":"projects/barangaymed/buckets/barangaymed.firebasestorage.app"},"storageClass":"REGIONAL"}
[info] i  firebase.storage: checking storage.rules for compilation errors... 
[debug] [2025-08-31T15:43:34.962Z] Checked if tokens are valid: true, expires at: 1756657011062
[debug] [2025-08-31T15:43:34.962Z] Checked if tokens are valid: true, expires at: 1756657011062
[debug] [2025-08-31T15:43:34.962Z] >>> [apiv2][query] POST https://firebaserules.googleapis.com/v1/projects/barangaymed:test [none]
[debug] [2025-08-31T15:43:34.962Z] >>> [apiv2][body] POST https://firebaserules.googleapis.com/v1/projects/barangaymed:test [omitted]
[debug] [2025-08-31T15:43:36.029Z] <<< [apiv2][status] POST https://firebaserules.googleapis.com/v1/projects/barangaymed:test 200
[debug] [2025-08-31T15:43:36.029Z] <<< [apiv2][body] POST https://firebaserules.googleapis.com/v1/projects/barangaymed:test {}
[info] +  firebase.storage: rules file storage.rules compiled successfully 
[info] i  cloud.firestore: checking firestore.rules for compilation errors... 
[debug] [2025-08-31T15:43:36.037Z] Checked if tokens are valid: true, expires at: 1756657011062
[debug] [2025-08-31T15:43:36.037Z] Checked if tokens are valid: true, expires at: 1756657011062
[debug] [2025-08-31T15:43:36.037Z] >>> [apiv2][query] POST https://firebaserules.googleapis.com/v1/projects/barangaymed:test [none]
[debug] [2025-08-31T15:43:36.037Z] >>> [apiv2][body] POST https://firebaserules.googleapis.com/v1/projects/barangaymed:test [omitted]
[debug] [2025-08-31T15:43:37.102Z] <<< [apiv2][status] POST https://firebaserules.googleapis.com/v1/projects/barangaymed:test 200
[debug] [2025-08-31T15:43:37.102Z] <<< [apiv2][body] POST https://firebaserules.googleapis.com/v1/projects/barangaymed:test {}
[info] +  cloud.firestore: rules file firestore.rules compiled successfully 
[debug] [2025-08-31T15:43:37.105Z] Checked if tokens are valid: true, expires at: 1756657011062
[debug] [2025-08-31T15:43:37.106Z] Checked if tokens are valid: true, expires at: 1756657011062
[debug] [2025-08-31T15:43:37.106Z] >>> [apiv2][query] GET https://serviceusage.googleapis.com/v1/projects/barangaymed/services/cloudresourcemanager.googleapis.com [none]
[debug] [2025-08-31T15:43:37.106Z] >>> [apiv2][(partial)header] GET https://serviceusage.googleapis.com/v1/projects/barangaymed/services/cloudresourcemanager.googleapis.com x-goog-quota-user=projects/barangaymed
[debug] [2025-08-31T15:43:37.403Z] <<< [apiv2][status] GET https://serviceusage.googleapis.com/v1/projects/barangaymed/services/cloudresourcemanager.googleapis.com 200
[debug] [2025-08-31T15:43:37.403Z] <<< [apiv2][body] GET https://serviceusage.googleapis.com/v1/projects/barangaymed/services/cloudresourcemanager.googleapis.com [omitted]
[debug] [2025-08-31T15:43:37.409Z] Checked if tokens are valid: true, expires at: 1756657011062
[debug] [2025-08-31T15:43:37.409Z] Checked if tokens are valid: true, expires at: 1756657011062
[debug] [2025-08-31T15:43:37.409Z] >>> [apiv2][query] GET https://cloudresourcemanager.googleapis.com/v1/projects/barangaymed [none]
[debug] [2025-08-31T15:43:38.357Z] <<< [apiv2][status] GET https://cloudresourcemanager.googleapis.com/v1/projects/barangaymed 200
[debug] [2025-08-31T15:43:38.358Z] <<< [apiv2][body] GET https://cloudresourcemanager.googleapis.com/v1/projects/barangaymed {"projectNumber":"18633162801","projectId":"barangaymed","lifecycleState":"ACTIVE","name":"BarangayMed","labels":{"firebase":"enabled","firebase-core":"disabled"},"createTime":"2025-07-28T13:20:18.406720Z"}
[info] i  functions: preparing codebase default for deployment 
[info] i  functions: ensuring required API cloudfunctions.googleapis.com is enabled... 
[debug] [2025-08-31T15:43:38.361Z] Checked if tokens are valid: true, expires at: 1756657011062
[debug] [2025-08-31T15:43:38.361Z] Checked if tokens are valid: true, expires at: 1756657011062
[info] i  functions: ensuring required API cloudbuild.googleapis.com is enabled... 
[debug] [2025-08-31T15:43:38.363Z] Checked if tokens are valid: true, expires at: 1756657011062
[debug] [2025-08-31T15:43:38.363Z] Checked if tokens are valid: true, expires at: 1756657011062
[info] i  artifactregistry: ensuring required API artifactregistry.googleapis.com is enabled... 
[debug] [2025-08-31T15:43:38.364Z] Checked if tokens are valid: true, expires at: 1756657011062
[debug] [2025-08-31T15:43:38.364Z] Checked if tokens are valid: true, expires at: 1756657011062
[debug] [2025-08-31T15:43:38.364Z] >>> [apiv2][query] GET https://serviceusage.googleapis.com/v1/projects/barangaymed/services/cloudfunctions.googleapis.com [none]
[debug] [2025-08-31T15:43:38.364Z] >>> [apiv2][(partial)header] GET https://serviceusage.googleapis.com/v1/projects/barangaymed/services/cloudfunctions.googleapis.com x-goog-quota-user=projects/barangaymed
[debug] [2025-08-31T15:43:38.365Z] >>> [apiv2][query] GET https://serviceusage.googleapis.com/v1/projects/barangaymed/services/cloudbuild.googleapis.com [none]
[debug] [2025-08-31T15:43:38.365Z] >>> [apiv2][(partial)header] GET https://serviceusage.googleapis.com/v1/projects/barangaymed/services/cloudbuild.googleapis.com x-goog-quota-user=projects/barangaymed
[debug] [2025-08-31T15:43:38.366Z] >>> [apiv2][query] GET https://serviceusage.googleapis.com/v1/projects/barangaymed/services/artifactregistry.googleapis.com [none]
[debug] [2025-08-31T15:43:38.366Z] >>> [apiv2][(partial)header] GET https://serviceusage.googleapis.com/v1/projects/barangaymed/services/artifactregistry.googleapis.com x-goog-quota-user=projects/barangaymed
[debug] [2025-08-31T15:43:38.655Z] <<< [apiv2][status] GET https://serviceusage.googleapis.com/v1/projects/barangaymed/services/cloudfunctions.googleapis.com 200
[debug] [2025-08-31T15:43:38.655Z] <<< [apiv2][body] GET https://serviceusage.googleapis.com/v1/projects/barangaymed/services/cloudfunctions.googleapis.com [omitted]
[info] +  functions: required API cloudfunctions.googleapis.com is enabled 
[debug] [2025-08-31T15:43:39.576Z] <<< [apiv2][status] GET https://serviceusage.googleapis.com/v1/projects/barangaymed/services/cloudbuild.googleapis.com 200
[debug] [2025-08-31T15:43:39.576Z] <<< [apiv2][body] GET https://serviceusage.googleapis.com/v1/projects/barangaymed/services/cloudbuild.googleapis.com [omitted]
[info] +  functions: required API cloudbuild.googleapis.com is enabled 
[debug] [2025-08-31T15:43:39.623Z] <<< [apiv2][status] GET https://serviceusage.googleapis.com/v1/projects/barangaymed/services/artifactregistry.googleapis.com 200
[debug] [2025-08-31T15:43:39.623Z] <<< [apiv2][body] GET https://serviceusage.googleapis.com/v1/projects/barangaymed/services/artifactregistry.googleapis.com [omitted]
[info] +  artifactregistry: required API artifactregistry.googleapis.com is enabled 
[debug] [2025-08-31T15:43:39.632Z] Checked if tokens are valid: true, expires at: 1756657011062
[debug] [2025-08-31T15:43:39.632Z] Checked if tokens are valid: true, expires at: 1756657011062
[debug] [2025-08-31T15:43:39.632Z] >>> [apiv2][query] GET https://firebase.googleapis.com/v1beta1/projects/barangaymed/adminSdkConfig [none]
[debug] [2025-08-31T15:43:40.297Z] <<< [apiv2][status] GET https://firebase.googleapis.com/v1beta1/projects/barangaymed/adminSdkConfig 200
[debug] [2025-08-31T15:43:40.297Z] <<< [apiv2][body] GET https://firebase.googleapis.com/v1beta1/projects/barangaymed/adminSdkConfig {"projectId":"barangaymed","storageBucket":"barangaymed.firebasestorage.app"}
[debug] [2025-08-31T15:43:40.298Z] Checked if tokens are valid: true, expires at: 1756657011062
[debug] [2025-08-31T15:43:40.298Z] Checked if tokens are valid: true, expires at: 1756657011062
[debug] [2025-08-31T15:43:40.300Z] >>> [apiv2][query] GET https://runtimeconfig.googleapis.com/v1beta1/projects/barangaymed/configs [none]
[debug] [2025-08-31T15:43:40.645Z] <<< [apiv2][status] GET https://runtimeconfig.googleapis.com/v1beta1/projects/barangaymed/configs 200
[debug] [2025-08-31T15:43:40.645Z] <<< [apiv2][body] GET https://runtimeconfig.googleapis.com/v1beta1/projects/barangaymed/configs {"configs":[{"name":"projects/barangaymed/configs/gmail"},{"name":"projects/barangaymed/configs/resend"}]}
[debug] [2025-08-31T15:43:40.645Z] Checked if tokens are valid: true, expires at: 1756657011062
[debug] [2025-08-31T15:43:40.645Z] Checked if tokens are valid: true, expires at: 1756657011062
[debug] [2025-08-31T15:43:40.646Z] Checked if tokens are valid: true, expires at: 1756657011062
[debug] [2025-08-31T15:43:40.646Z] Checked if tokens are valid: true, expires at: 1756657011062
[debug] [2025-08-31T15:43:40.646Z] >>> [apiv2][query] GET https://runtimeconfig.googleapis.com/v1beta1/projects/barangaymed/configs/gmail/variables [none]
[debug] [2025-08-31T15:43:40.646Z] >>> [apiv2][query] GET https://runtimeconfig.googleapis.com/v1beta1/projects/barangaymed/configs/resend/variables [none]
[debug] [2025-08-31T15:43:40.956Z] <<< [apiv2][status] GET https://runtimeconfig.googleapis.com/v1beta1/projects/barangaymed/configs/resend/variables 200
[debug] [2025-08-31T15:43:40.956Z] <<< [apiv2][body] GET https://runtimeconfig.googleapis.com/v1beta1/projects/barangaymed/configs/resend/variables {"variables":[{"name":"projects/barangaymed/configs/resend/variables/apikey","updateTime":"2025-08-30T01:50:59.418953007Z"}]}
[debug] [2025-08-31T15:43:40.957Z] Checked if tokens are valid: true, expires at: 1756657011062
[debug] [2025-08-31T15:43:40.957Z] Checked if tokens are valid: true, expires at: 1756657011062
[debug] [2025-08-31T15:43:40.957Z] >>> [apiv2][query] GET https://runtimeconfig.googleapis.com/v1beta1/projects/barangaymed/configs/resend/variables/apikey [none]
[debug] [2025-08-31T15:43:41.001Z] <<< [apiv2][status] GET https://runtimeconfig.googleapis.com/v1beta1/projects/barangaymed/configs/gmail/variables 200
[debug] [2025-08-31T15:43:41.002Z] <<< [apiv2][body] GET https://runtimeconfig.googleapis.com/v1beta1/projects/barangaymed/configs/gmail/variables {"variables":[{"name":"projects/barangaymed/configs/gmail/variables/app_password","updateTime":"2025-08-31T15:24:08.061045960Z"},{"name":"projects/barangaymed/configs/gmail/variables/email","updateTime":"2025-08-31T15:24:09.220562853Z"}]}
[debug] [2025-08-31T15:43:41.002Z] Checked if tokens are valid: true, expires at: 1756657011062
[debug] [2025-08-31T15:43:41.002Z] Checked if tokens are valid: true, expires at: 1756657011062
[debug] [2025-08-31T15:43:41.002Z] Checked if tokens are valid: true, expires at: 1756657011062
[debug] [2025-08-31T15:43:41.002Z] Checked if tokens are valid: true, expires at: 1756657011062
[debug] [2025-08-31T15:43:41.002Z] >>> [apiv2][query] GET https://runtimeconfig.googleapis.com/v1beta1/projects/barangaymed/configs/gmail/variables/app_password [none]
[debug] [2025-08-31T15:43:41.003Z] >>> [apiv2][query] GET https://runtimeconfig.googleapis.com/v1beta1/projects/barangaymed/configs/gmail/variables/email [none]
[debug] [2025-08-31T15:43:41.199Z] <<< [apiv2][status] GET https://runtimeconfig.googleapis.com/v1beta1/projects/barangaymed/configs/resend/variables/apikey 200
[debug] [2025-08-31T15:43:41.199Z] <<< [apiv2][body] GET https://runtimeconfig.googleapis.com/v1beta1/projects/barangaymed/configs/resend/variables/apikey {"name":"projects/barangaymed/configs/resend/variables/apikey","updateTime":"2025-08-30T01:50:59.418953007Z","text":"re_ZRuT6QM6_Ei8pDDe7Tztom4n96QvVRczf"}
[debug] [2025-08-31T15:43:41.320Z] <<< [apiv2][status] GET https://runtimeconfig.googleapis.com/v1beta1/projects/barangaymed/configs/gmail/variables/email 200
[debug] [2025-08-31T15:43:41.320Z] <<< [apiv2][body] GET https://runtimeconfig.googleapis.com/v1beta1/projects/barangaymed/configs/gmail/variables/email {"name":"projects/barangaymed/configs/gmail/variables/email","updateTime":"2025-08-31T15:24:09.220562853Z","text":"your-email@gmail.com"}
[debug] [2025-08-31T15:43:41.364Z] <<< [apiv2][status] GET https://runtimeconfig.googleapis.com/v1beta1/projects/barangaymed/configs/gmail/variables/app_password 200
[debug] [2025-08-31T15:43:41.364Z] <<< [apiv2][body] GET https://runtimeconfig.googleapis.com/v1beta1/projects/barangaymed/configs/gmail/variables/app_password {"name":"projects/barangaymed/configs/gmail/variables/app_password","updateTime":"2025-08-31T15:24:08.061045960Z","text":"your-app-password"}
[debug] [2025-08-31T15:43:41.368Z] Validating nodejs source
[warn] !  functions: Runtime Node.js 18 was deprecated on 2025-04-30 and will be decommissioned on 2025-10-30, after which you will not be able to deploy without upgrading. Consider upgrading now to avoid disruption. See https://cloud.google.com/functions/docs/runtime-support for full details on the lifecycle policy 
[warn] !  functions: package.json indicates an outdated version of firebase-functions. Please upgrade using npm install --save firebase-functions@latest in your functions directory. 
[warn] !  functions: Please note that there will be breaking changes when you upgrade. 
[debug] [2025-08-31T15:43:42.224Z] > [functions] package.json contents: {
  "name": "functions",
  "type": "module",
  "scripts": {
    "lint": "eslint .",
    "build": "tsc",
    "build:watch": "tsc --watch",
    "serve": "npm run build && firebase emulators:start --only functions",
    "shell": "npm run build && firebase functions:shell",
    "start": "npm run shell",
    "deploy": "firebase deploy --only functions",
    "logs": "firebase functions:log"
  },
  "engines": {
    "node": "18"
  },
  "main": "lib/index.js",
  "dependencies": {
    "@types/nodemailer": "^7.0.1",
    "@types/uuid": "^10.0.0",
    "firebase-admin": "12.6.0",
    "firebase-functions": "5.0.1",
    "nodemailer": "^7.0.5",
    "resend": "^6.0.2",
    "uuid": "^11.1.0"
  },
  "devDependencies": {
    "@typescript-eslint/eslint-plugin": "^7.13.1",
    "@typescript-eslint/parser": "^7.13.1",
    "eslint": "^8.57.1",
    "globals": "^15.15.0",
    "typescript": "^5.1.6"
  },
  "private": true
}
[debug] [2025-08-31T15:43:42.224Z] Building nodejs source
[info] i  functions: Loading and analyzing source code for codebase default to determine what to deploy 
[info] i  functions: You are using a version of firebase-functions SDK (5.0.1) that does not have support for the newest Firebase Extensions features. Please update firebase-functions SDK to >=5.1.0 to use them correctly 
[debug] [2025-08-31T15:43:42.226Z] Could not find functions.yaml. Must use http discovery
[debug] [2025-08-31T15:43:42.234Z] Found firebase-functions binary at 'C:\Users\Jefferson\Documents\GitHub\barangaymed\functions\node_modules\.bin\firebase-functions'
[info] Serving at port 8248

[debug] [2025-08-31T15:43:42.901Z] Got response from /__/functions.yaml {"endpoints":{"adminOnlyOperation":{"platform":"gcfv1","labels":{},"availableMemoryMb":null,"timeoutSeconds":null,"minInstances":null,"maxInstances":null,"ingressSettings":null,"serviceAccountEmail":null,"vpc":null,"callableTrigger":{},"entryPoint":"adminOnlyOperation"},"getAnnouncementsByBarangay":{"platform":"gcfv1","labels":{},"availableMemoryMb":null,"timeoutSeconds":null,"minInstances":null,"maxInstances":null,"ingressSettings":null,"serviceAccountEmail":null,"vpc":null,"callableTrigger":{},"entryPoint":"getAnnouncementsByBarangay"},"logActivity":{"platform":"gcfv1","labels":{},"availableMemoryMb":null,"timeoutSeconds":null,"minInstances":null,"maxInstances":null,"ingressSettings":null,"serviceAccountEmail":null,"vpc":null,"callableTrigger":{},"entryPoint":"logActivity"},"provisionUser":{"platform":"gcfv1","labels":{},"availableMemoryMb":null,"timeoutSeconds":null,"minInstances":null,"maxInstances":null,"ingressSettings":null,"serviceAccountEmail":null,"vpc":null,"callableTrigger":{},"entryPoint":"provisionUser"},"setUserRole":{"platform":"gcfv1","labels":{},"availableMemoryMb":null,"timeoutSeconds":null,"minInstances":null,"maxInstances":null,"ingressSettings":null,"serviceAccountEmail":null,"vpc":null,"callableTrigger":{},"entryPoint":"setUserRole"},"setroleonusercreate":{"platform":"gcfv1","availableMemoryMb":null,"timeoutSeconds":null,"minInstances":null,"maxInstances":null,"ingressSettings":null,"serviceAccountEmail":null,"vpc":null,"eventTrigger":{"eventType":"providers/firebase.auth/eventTypes/user.create","eventFilters":{"resource":"projects/barangaymed"},"retry":false},"labels":{},"entryPoint":"setroleonusercreate"}},"specVersion":"v1alpha1","requiredAPIs":[]}
[info] i  functions: preparing functions directory for uploading... 
[info] i  functions: packaged C:\Users\Jefferson\Documents\GitHub\barangaymed\functions (80.07 KB) for uploading 
[debug] [2025-08-31T15:43:47.004Z] Checked if tokens are valid: true, expires at: 1756657011062
[debug] [2025-08-31T15:43:47.004Z] Checked if tokens are valid: true, expires at: 1756657011062
[debug] [2025-08-31T15:43:47.004Z] >>> [apiv2][query] GET https://cloudfunctions.googleapis.com/v1/projects/barangaymed/locations/-/functions [none]
[debug] [2025-08-31T15:43:47.853Z] <<< [apiv2][status] GET https://cloudfunctions.googleapis.com/v1/projects/barangaymed/locations/-/functions 200
[debug] [2025-08-31T15:43:47.853Z] <<< [apiv2][body] GET https://cloudfunctions.googleapis.com/v1/projects/barangaymed/locations/-/functions {"functions":[{"name":"projects/barangaymed/locations/us-central1/functions/provisionUser","httpsTrigger":{"url":"https://us-central1-barangaymed.cloudfunctions.net/provisionUser","securityLevel":"SECURE_ALWAYS"},"status":"ACTIVE","entryPoint":"provisionUser","timeout":"60s","availableMemoryMb":256,"serviceAccountEmail":"barangaymed@appspot.gserviceaccount.com","updateTime":"2025-08-31T15:07:51.885Z","versionId":"10","labels":{"deployment-tool":"cli-firebase","deployment-callable":"true","firebase-functions-hash":"c81a4e9bd11181ca78146e1779038426bb36ec64"},"sourceUploadUrl":"https://storage.googleapis.com/uploads-444659245168.us-central1.cloudfunctions.appspot.com/e0bbe570-0c63-4c30-b8ee-a745291d71db.zip","environmentVariables":{"FIREBASE_CONFIG":"{\"projectId\":\"barangaymed\",\"storageBucket\":\"barangaymed.firebasestorage.app\"}","GCLOUD_PROJECT":"barangaymed","EVENTARC_CLOUD_EVENT_SOURCE":"projects/barangaymed/locations/us-central1/functions/provisionUser"},"runtime":"nodejs18","ingressSettings":"ALLOW_ALL","buildId":"4c12990d-4ab3-4f84-9d03-89a58b1a28f8","buildEnvironmentVariables":{"GOOGLE_NODE_RUN_SCRIPTS":""},"buildName":"projects/18633162801/locations/us-central1/builds/4c12990d-4ab3-4f84-9d03-89a58b1a28f8","dockerRegistry":"ARTIFACT_REGISTRY","automaticUpdatePolicy":{},"buildServiceAccount":"projects/barangaymed/serviceAccounts/18633162801-compute@developer.gserviceaccount.com","satisfiesPzi":true},{"name":"projects/barangaymed/locations/us-central1/functions/setUserRole","httpsTrigger":{"url":"https://us-central1-barangaymed.cloudfunctions.net/setUserRole","securityLevel":"SECURE_ALWAYS"},"status":"ACTIVE","entryPoint":"setUserRole","timeout":"60s","availableMemoryMb":256,"serviceAccountEmail":"barangaymed@appspot.gserviceaccount.com","updateTime":"2025-08-31T15:07:49.535Z","versionId":"24","labels":{"deployment-tool":"cli-firebase","deployment-callable":"true","firebase-functions-hash":"c81a4e9bd11181ca78146e1779038426bb36ec64"},"sourceUploadUrl":"https://storage.googleapis.com/uploads-444659245168.us-central1.cloudfunctions.appspot.com/e0bbe570-0c63-4c30-b8ee-a745291d71db.zip","environmentVariables":{"FIREBASE_CONFIG":"{\"projectId\":\"barangaymed\",\"storageBucket\":\"barangaymed.firebasestorage.app\"}","GCLOUD_PROJECT":"barangaymed","EVENTARC_CLOUD_EVENT_SOURCE":"projects/barangaymed/locations/us-central1/functions/setUserRole"},"runtime":"nodejs18","ingressSettings":"ALLOW_ALL","buildId":"4c12990d-4ab3-4f84-9d03-89a58b1a28f8","buildEnvironmentVariables":{"GOOGLE_NODE_RUN_SCRIPTS":""},"buildName":"projects/18633162801/locations/us-central1/builds/4c12990d-4ab3-4f84-9d03-89a58b1a28f8","dockerRegistry":"ARTIFACT_REGISTRY","automaticUpdatePolicy":{},"buildServiceAccount":"projects/barangaymed/serviceAccounts/18633162801-compute@developer.gserviceaccount.com","satisfiesPzi":true},{"name":"projects/barangaymed/locations/us-central1/functions/setroleonusercreate","eventTrigger":{"eventType":"providers/firebase.auth/eventTypes/user.create","resource":"projects/barangaymed","service":"firebaseauth.googleapis.com","failurePolicy":{}},"status":"ACTIVE","entryPoint":"setroleonusercreate","timeout":"60s","availableMemoryMb":256,"serviceAccountEmail":"barangaymed@appspot.gserviceaccount.com","updateTime":"2025-08-31T15:07:56.893Z","versionId":"24","labels":{"firebase-functions-hash":"c81a4e9bd11181ca78146e1779038426bb36ec64","deployment-tool":"cli-firebase"},"sourceUploadUrl":"https://storage.googleapis.com/uploads-444659245168.us-central1.cloudfunctions.appspot.com/e0bbe570-0c63-4c30-b8ee-a745291d71db.zip","environmentVariables":{"FIREBASE_CONFIG":"{\"projectId\":\"barangaymed\",\"storageBucket\":\"barangaymed.firebasestorage.app\"}","GCLOUD_PROJECT":"barangaymed","EVENTARC_CLOUD_EVENT_SOURCE":"projects/barangaymed/locations/us-central1/functions/setroleonusercreate"},"runtime":"nodejs18","maxInstances":3000,"ingressSettings":"ALLOW_ALL","buildId":"4c12990d-4ab3-4f84-9d03-89a58b1a28f8","buildEnvironmentVariables":{"GOOGLE_NODE_RUN_SCRIPTS":""},"buildName":"projects/18633162801/locations/us-central1/builds/4c12990d-4ab3-4f84-9d03-89a58b1a28f8","dockerRegistry":"ARTIFACT_REGISTRY","automaticUpdatePolicy":{},"buildServiceAccount":"projects/barangaymed/serviceAccounts/18633162801-compute@developer.gserviceaccount.com","satisfiesPzi":true},{"name":"projects/barangaymed/locations/us-central1/functions/adminOnlyOperation","httpsTrigger":{"url":"https://us-central1-barangaymed.cloudfunctions.net/adminOnlyOperation","securityLevel":"SECURE_ALWAYS"},"status":"ACTIVE","entryPoint":"adminOnlyOperation","timeout":"60s","availableMemoryMb":256,"serviceAccountEmail":"barangaymed@appspot.gserviceaccount.com","updateTime":"2025-08-31T15:07:48.654Z","versionId":"24","labels":{"deployment-tool":"cli-firebase","deployment-callable":"true","firebase-functions-hash":"c81a4e9bd11181ca78146e1779038426bb36ec64"},"sourceUploadUrl":"https://storage.googleapis.com/uploads-444659245168.us-central1.cloudfunctions.appspot.com/e0bbe570-0c63-4c30-b8ee-a745291d71db.zip","environmentVariables":{"FIREBASE_CONFIG":"{\"projectId\":\"barangaymed\",\"storageBucket\":\"barangaymed.firebasestorage.app\"}","GCLOUD_PROJECT":"barangaymed","EVENTARC_CLOUD_EVENT_SOURCE":"projects/barangaymed/locations/us-central1/functions/adminOnlyOperation"},"runtime":"nodejs18","ingressSettings":"ALLOW_ALL","buildId":"4c12990d-4ab3-4f84-9d03-89a58b1a28f8","buildEnvironmentVariables":{"GOOGLE_NODE_RUN_SCRIPTS":""},"buildName":"projects/18633162801/locations/us-central1/builds/4c12990d-4ab3-4f84-9d03-89a58b1a28f8","dockerRegistry":"ARTIFACT_REGISTRY","automaticUpdatePolicy":{},"buildServiceAccount":"projects/barangaymed/serviceAccounts/18633162801-compute@developer.gserviceaccount.com","satisfiesPzi":true},{"name":"projects/barangaymed/locations/us-central1/functions/moderateAnnouncementImage","eventTrigger":{"eventType":"google.storage.object.finalize","resource":"projects/_/buckets/barangaymed.appspot.com","service":"storage.googleapis.com","failurePolicy":{}},"status":"UNKNOWN","entryPoint":"moderateAnnouncementImage","timeout":"60s","availableMemoryMb":256,"serviceAccountEmail":"barangaymed@appspot.gserviceaccount.com","updateTime":"2025-08-31T15:07:54.694Z","versionId":"2","labels":{"deployment-tool":"cli-firebase","firebase-functions-hash":"c81a4e9bd11181ca78146e1779038426bb36ec64"},"sourceUploadUrl":"https://storage.googleapis.com/uploads-444659245168.us-central1.cloudfunctions.appspot.com/e0bbe570-0c63-4c30-b8ee-a745291d71db.zip","environmentVariables":{"FIREBASE_CONFIG":"{\"projectId\":\"barangaymed\",\"storageBucket\":\"barangaymed.firebasestorage.app\"}","GCLOUD_PROJECT":"barangaymed","EVENTARC_CLOUD_EVENT_SOURCE":"projects/barangaymed/locations/us-central1/functions/moderateAnnouncementImage"},"runtime":"nodejs18","maxInstances":3000,"ingressSettings":"ALLOW_ALL","buildId":"4c12990d-4ab3-4f84-9d03-89a58b1a28f8","buildEnvironmentVariables":{"GOOGLE_NODE_RUN_SCRIPTS":""},"buildName":"projects/18633162801/locations/us-central1/builds/4c12990d-4ab3-4f84-9d03-89a58b1a28f8","dockerRegistry":"ARTIFACT_REGISTRY","automaticUpdatePolicy":{},"buildServiceAccount":"projects/barangaymed/serviceAccounts/18633162801-compute@developer.gserviceaccount.com","satisfiesPzi":true},{"name":"projects/barangaymed/locations/us-central1/functions/getAnnouncementsByBarangay","httpsTrigger":{"url":"https://us-central1-barangaymed.cloudfunctions.net/getAnnouncementsByBarangay","securityLevel":"SECURE_ALWAYS"},"status":"ACTIVE","entryPoint":"getAnnouncementsByBarangay","timeout":"60s","availableMemoryMb":256,"serviceAccountEmail":"barangaymed@appspot.gserviceaccount.com","updateTime":"2025-08-31T15:07:54.125Z","versionId":"8","labels":{"firebase-functions-hash":"c81a4e9bd11181ca78146e1779038426bb36ec64","deployment-tool":"cli-firebase","deployment-callable":"true"},"sourceUploadUrl":"https://storage.googleapis.com/uploads-444659245168.us-central1.cloudfunctions.appspot.com/e0bbe570-0c63-4c30-b8ee-a745291d71db.zip","environmentVariables":{"FIREBASE_CONFIG":"{\"projectId\":\"barangaymed\",\"storageBucket\":\"barangaymed.firebasestorage.app\"}","GCLOUD_PROJECT":"barangaymed","EVENTARC_CLOUD_EVENT_SOURCE":"projects/barangaymed/locations/us-central1/functions/getAnnouncementsByBarangay"},"runtime":"nodejs18","ingressSettings":"ALLOW_ALL","buildId":"4c12990d-4ab3-4f84-9d03-89a58b1a28f8","buildEnvironmentVariables":{"GOOGLE_NODE_RUN_SCRIPTS":""},"buildName":"projects/18633162801/locations/us-central1/builds/4c12990d-4ab3-4f84-9d03-89a58b1a28f8","dockerRegistry":"ARTIFACT_REGISTRY","automaticUpdatePolicy":{},"buildServiceAccount":"projects/barangaymed/serviceAccounts/18633162801-compute@developer.gserviceaccount.com","satisfiesPzi":true},{"name":"projects/barangaymed/locations/us-central1/functions/logActivity","httpsTrigger":{"url":"https://us-central1-barangaymed.cloudfunctions.net/logActivity","securityLevel":"SECURE_ALWAYS"},"status":"ACTIVE","entryPoint":"logActivity","timeout":"60s","availableMemoryMb":256,"serviceAccountEmail":"barangaymed@appspot.gserviceaccount.com","updateTime":"2025-08-31T15:07:55.226Z","versionId":"25","labels":{"deployment-tool":"cli-firebase","deployment-callable":"true","firebase-functions-hash":"c81a4e9bd11181ca78146e1779038426bb36ec64"},"sourceUploadUrl":"https://storage.googleapis.com/uploads-444659245168.us-central1.cloudfunctions.appspot.com/e0bbe570-0c63-4c30-b8ee-a745291d71db.zip","environmentVariables":{"FIREBASE_CONFIG":"{\"projectId\":\"barangaymed\",\"storageBucket\":\"barangaymed.firebasestorage.app\"}","GCLOUD_PROJECT":"barangaymed","EVENTARC_CLOUD_EVENT_SOURCE":"projects/barangaymed/locations/us-central1/functions/logActivity"},"runtime":"nodejs18","ingressSettings":"ALLOW_ALL","buildId":"4c12990d-4ab3-4f84-9d03-89a58b1a28f8","buildEnvironmentVariables":{"GOOGLE_NODE_RUN_SCRIPTS":""},"buildName":"projects/18633162801/locations/us-central1/builds/4c12990d-4ab3-4f84-9d03-89a58b1a28f8","dockerRegistry":"ARTIFACT_REGISTRY","automaticUpdatePolicy":{},"buildServiceAccount":"projects/barangaymed/serviceAccounts/18633162801-compute@developer.gserviceaccount.com","satisfiesPzi":true}]}
[debug] [2025-08-31T15:43:47.854Z] Checked if tokens are valid: true, expires at: 1756657011062
[debug] [2025-08-31T15:43:47.854Z] Checked if tokens are valid: true, expires at: 1756657011062
[debug] [2025-08-31T15:43:47.854Z] >>> [apiv2][query] GET https://cloudfunctions.googleapis.com/v2/projects/barangaymed/locations/-/functions filter=environment%3D%22GEN_2%22
[debug] [2025-08-31T15:43:49.230Z] <<< [apiv2][status] GET https://cloudfunctions.googleapis.com/v2/projects/barangaymed/locations/-/functions 200
[debug] [2025-08-31T15:43:49.231Z] <<< [apiv2][body] GET https://cloudfunctions.googleapis.com/v2/projects/barangaymed/locations/-/functions {}
[debug] [2025-08-31T15:43:49.238Z] Checked if tokens are valid: true, expires at: 1756657011062
[debug] [2025-08-31T15:43:49.238Z] Checked if tokens are valid: true, expires at: 1756657011062
[debug] [2025-08-31T15:43:49.238Z] >>> [apiv2][query] GET https://cloudresourcemanager.googleapis.com/v1/projects/barangaymed [none]
[debug] [2025-08-31T15:43:50.162Z] <<< [apiv2][status] GET https://cloudresourcemanager.googleapis.com/v1/projects/barangaymed 200
[debug] [2025-08-31T15:43:50.162Z] <<< [apiv2][body] GET https://cloudresourcemanager.googleapis.com/v1/projects/barangaymed {"projectNumber":"18633162801","projectId":"barangaymed","lifecycleState":"ACTIVE","name":"BarangayMed","labels":{"firebase":"enabled","firebase-core":"disabled"},"createTime":"2025-07-28T13:20:18.406720Z"}
[debug] [2025-08-31T15:43:50.173Z] Checked if tokens are valid: true, expires at: 1756657011062
[debug] [2025-08-31T15:43:50.173Z] Checked if tokens are valid: true, expires at: 1756657011062
[debug] [2025-08-31T15:43:50.173Z] >>> [apiv2][query] POST https://firebasehosting.googleapis.com/v1beta1/projects/-/sites/barangaymed/versions [none]
[debug] [2025-08-31T15:43:50.173Z] >>> [apiv2][body] POST https://firebasehosting.googleapis.com/v1beta1/projects/-/sites/barangaymed/versions {"status":"CREATED","labels":{"deployment-tool":"cli-firebase"}}
[debug] [2025-08-31T15:43:51.050Z] <<< [apiv2][status] POST https://firebasehosting.googleapis.com/v1beta1/projects/-/sites/barangaymed/versions 200
[debug] [2025-08-31T15:43:51.050Z] <<< [apiv2][body] POST https://firebasehosting.googleapis.com/v1beta1/projects/-/sites/barangaymed/versions {"name":"projects/18633162801/sites/barangaymed/versions/e9e6cf6835903eca","status":"CREATED","config":{},"labels":{"deployment-tool":"cli-firebase"}}
[debug] [2025-08-31T15:43:51.051Z] Checked if tokens are valid: true, expires at: 1756657011062
[debug] [2025-08-31T15:43:51.052Z] Checked if tokens are valid: true, expires at: 1756657011062
[debug] [2025-08-31T15:43:51.052Z] >>> [apiv2][query] GET https://firebaserules.googleapis.com/v1/projects/barangaymed/releases pageSize=10&pageToken=
[debug] [2025-08-31T15:43:51.327Z] <<< [apiv2][status] GET https://firebaserules.googleapis.com/v1/projects/barangaymed/releases 200
[debug] [2025-08-31T15:43:51.327Z] <<< [apiv2][body] GET https://firebaserules.googleapis.com/v1/projects/barangaymed/releases {"releases":[{"name":"projects/barangaymed/releases/cloud.firestore","rulesetName":"projects/barangaymed/rulesets/2cd1c94f-d433-4f13-bdf4-cb42fd49e281","createTime":"2025-07-30T07:09:52.181451Z","updateTime":"2025-08-31T12:56:04.501521Z"},{"name":"projects/barangaymed/releases/firebase.storage/barangaymed.firebasestorage.app","rulesetName":"projects/barangaymed/rulesets/c39f313e-7e2a-48ba-8349-771097c2e3a0","createTime":"2025-08-27T18:54:59.341827Z","updateTime":"2025-08-31T14:08:54.999081Z"}]}
[debug] [2025-08-31T15:43:51.339Z] Checked if tokens are valid: true, expires at: 1756657011062
[debug] [2025-08-31T15:43:51.340Z] Checked if tokens are valid: true, expires at: 1756657011062
[debug] [2025-08-31T15:43:51.340Z] >>> [apiv2][query] GET https://firebaserules.googleapis.com/v1/projects/barangaymed/rulesets/c39f313e-7e2a-48ba-8349-771097c2e3a0 [none]
[debug] [2025-08-31T15:43:51.557Z] <<< [apiv2][status] GET https://firebaserules.googleapis.com/v1/projects/barangaymed/rulesets/c39f313e-7e2a-48ba-8349-771097c2e3a0 200
[debug] [2025-08-31T15:43:51.557Z] <<< [apiv2][body] GET https://firebaserules.googleapis.com/v1/projects/barangaymed/rulesets/c39f313e-7e2a-48ba-8349-771097c2e3a0 [omitted]
[info] i  storage: uploading rules storage.rules... 
[debug] [2025-08-31T15:43:51.560Z] Checked if tokens are valid: true, expires at: 1756657011062
[debug] [2025-08-31T15:43:51.560Z] Checked if tokens are valid: true, expires at: 1756657011062
[debug] [2025-08-31T15:43:51.560Z] >>> [apiv2][query] POST https://firebaserules.googleapis.com/v1/projects/barangaymed/rulesets [none]
[debug] [2025-08-31T15:43:51.561Z] >>> [apiv2][body] POST https://firebaserules.googleapis.com/v1/projects/barangaymed/rulesets [omitted]
[debug] [2025-08-31T15:43:52.564Z] <<< [apiv2][status] POST https://firebaserules.googleapis.com/v1/projects/barangaymed/rulesets 200
[debug] [2025-08-31T15:43:52.564Z] <<< [apiv2][body] POST https://firebaserules.googleapis.com/v1/projects/barangaymed/rulesets {"name":"projects/barangaymed/rulesets/15b440cd-622d-44f6-8cf5-93ffcc319a93","source":{"files":[{"content":"rules_version = '2';\r\n\r\nservice firebase.storage {\r\n  match /b/{bucket}/o {\r\n\r\n    // Helper functions (mirroring firestore.rules)\r\n    function isAuthenticated() {\r\n      return request.auth != null;\r\n    }\r\n\r\n    function isAdmin() {\r\n      return isAuthenticated() && request.auth.token.role == 'admin';\r\n    }\r\n\r\n    function isSuperAdmin() {\r\n      return isAuthenticated() && request.auth.token.role == 'superadmin';\r\n    }\r\n\r\n    function isAdminOfBarangay(barangayId) {\r\n      return isAdmin() && request.auth.token.barangayId == barangayId;\r\n    }\r\n\r\n    // Announcement images:\r\n    // Path: /announcements/{barangayId}/{announcementId}/{imageName}\r\n    match /announcements/{barangayId}/{announcementId}/{imageName} {\r\n      // READ: Anyone can view announcement images (public content).\r\n      allow read: if true;\r\n\r\n      // WRITE (Create, Update, Delete):\r\n      // Only the admin of the corresponding barangay or a superadmin can upload/delete images.\r\n      allow write: if isAdminOfBarangay(barangayId) || isSuperAdmin();\r\n    }\r\n\r\n    // Other potential storage paths can be added here later.\r\n    // Example for user profile pictures:\r\n    // match /users/{userId}/profile-picture.jpg {\r\n    //   allow read: if true;\r\n    //   allow write: if request.auth.uid == userId;\r\n    // }\r\n  }\r\n}\r\n","name":"storage.rules"}]},"createTime":"2025-08-31T15:43:54.303935Z","metadata":{"services":["firebase.storage"]}}
[debug] [2025-08-31T15:43:52.564Z] [rules] created ruleset projects/barangaymed/rulesets/15b440cd-622d-44f6-8cf5-93ffcc319a93
[debug] [2025-08-31T15:43:52.565Z] Checked if tokens are valid: true, expires at: 1756657011062
[debug] [2025-08-31T15:43:52.565Z] Checked if tokens are valid: true, expires at: 1756657011062
[debug] [2025-08-31T15:43:52.565Z] >>> [apiv2][query] GET https://firestore.googleapis.com/v1/projects/barangaymed/databases/(default) [none]
[debug] [2025-08-31T15:43:52.866Z] <<< [apiv2][status] GET https://firestore.googleapis.com/v1/projects/barangaymed/databases/(default) 200
[debug] [2025-08-31T15:43:52.866Z] <<< [apiv2][body] GET https://firestore.googleapis.com/v1/projects/barangaymed/databases/(default) {"name":"projects/barangaymed/databases/(default)","uid":"966676a5-efc6-4ffe-ba2d-b3b60169ba44","createTime":"2025-07-30T07:09:46.583141Z","updateTime":"2025-07-30T07:09:46.583141Z","locationId":"asia-east1","type":"FIRESTORE_NATIVE","concurrencyMode":"PESSIMISTIC","versionRetentionPeriod":"3600s","earliestVersionTime":"2025-08-31T14:43:54.692028Z","appEngineIntegrationMode":"DISABLED","keyPrefix":"zde","pointInTimeRecoveryEnablement":"POINT_IN_TIME_RECOVERY_DISABLED","deleteProtectionState":"DELETE_PROTECTION_DISABLED","databaseEdition":"STANDARD","freeTier":true,"etag":"IPXW1/qxtY8DMM3hn8Pn9Y4D"}
[debug] [2025-08-31T15:43:52.866Z] Checked if tokens are valid: true, expires at: 1756657011062
[debug] [2025-08-31T15:43:52.866Z] Checked if tokens are valid: true, expires at: 1756657011062
[debug] [2025-08-31T15:43:52.866Z] >>> [apiv2][query] GET https://firebaserules.googleapis.com/v1/projects/barangaymed/releases pageSize=10&pageToken=
[debug] [2025-08-31T15:43:53.866Z] <<< [apiv2][status] GET https://firebaserules.googleapis.com/v1/projects/barangaymed/releases 200
[debug] [2025-08-31T15:43:53.866Z] <<< [apiv2][body] GET https://firebaserules.googleapis.com/v1/projects/barangaymed/releases {"releases":[{"name":"projects/barangaymed/releases/cloud.firestore","rulesetName":"projects/barangaymed/rulesets/2cd1c94f-d433-4f13-bdf4-cb42fd49e281","createTime":"2025-07-30T07:09:52.181451Z","updateTime":"2025-08-31T12:56:04.501521Z"},{"name":"projects/barangaymed/releases/firebase.storage/barangaymed.firebasestorage.app","rulesetName":"projects/barangaymed/rulesets/c39f313e-7e2a-48ba-8349-771097c2e3a0","createTime":"2025-08-27T18:54:59.341827Z","updateTime":"2025-08-31T14:08:54.999081Z"}]}
[debug] [2025-08-31T15:43:53.866Z] Checked if tokens are valid: true, expires at: 1756657011062
[debug] [2025-08-31T15:43:53.867Z] Checked if tokens are valid: true, expires at: 1756657011062
[debug] [2025-08-31T15:43:53.867Z] >>> [apiv2][query] GET https://firebaserules.googleapis.com/v1/projects/barangaymed/rulesets/2cd1c94f-d433-4f13-bdf4-cb42fd49e281 [none]
[debug] [2025-08-31T15:43:54.240Z] <<< [apiv2][status] GET https://firebaserules.googleapis.com/v1/projects/barangaymed/rulesets/2cd1c94f-d433-4f13-bdf4-cb42fd49e281 200
[debug] [2025-08-31T15:43:54.240Z] <<< [apiv2][body] GET https://firebaserules.googleapis.com/v1/projects/barangaymed/rulesets/2cd1c94f-d433-4f13-bdf4-cb42fd49e281 [omitted]
[info] i  firestore: uploading rules firestore.rules... 
[debug] [2025-08-31T15:43:54.241Z] Checked if tokens are valid: true, expires at: 1756657011062
[debug] [2025-08-31T15:43:54.241Z] Checked if tokens are valid: true, expires at: 1756657011062
[debug] [2025-08-31T15:43:54.242Z] >>> [apiv2][query] POST https://firebaserules.googleapis.com/v1/projects/barangaymed/rulesets [none]
[debug] [2025-08-31T15:43:54.242Z] >>> [apiv2][body] POST https://firebaserules.googleapis.com/v1/projects/barangaymed/rulesets [omitted]
[debug] [2025-08-31T15:43:55.285Z] <<< [apiv2][status] POST https://firebaserules.googleapis.com/v1/projects/barangaymed/rulesets 200
[debug] [2025-08-31T15:43:55.285Z] <<< [apiv2][body] POST https://firebaserules.googleapis.com/v1/projects/barangaymed/rulesets {"name":"projects/barangaymed/rulesets/ffe5d42c-d91e-4ca2-ab30-762a9f1f6d8c","source":{"files":[{"content":"rules_version = '2';\r\n\r\nservice cloud.firestore {\r\n  match /databases/{database}/documents {\r\n\r\n    // =================================================================\r\n    // Helper Functions\r\n    // These make the rules below cleaner and easier to read.\r\n    // =================================================================\r\n    function isAuthenticated() {\r\n      return request.auth != null;\r\n    }\r\n\r\n    // Checks if the requesting user is the owner of the document.\r\n    function isOwner(userId) {\r\n      return isAuthenticated() && request.auth.uid == userId;\r\n    }\r\n\r\n    // Checks if the user has a specific role using custom claims\r\n    function isUserRole() {\r\n      return isAuthenticated() && request.auth.token.role == 'user';\r\n    }\r\n\r\n    function isAdmin() {\r\n      return isAuthenticated() && request.auth.token.role == 'admin';\r\n    }\r\n\r\n    function isSuperAdmin() {\r\n      return isAuthenticated() && request.auth.token.role == 'superadmin';\r\n    }\r\n\r\n    function getUserData(userId) {\r\n      return get(/databases/$(database)/documents/users/$(userId)).data;\r\n    }\r\n\r\n    // Checks if the user is an admin for a specific barangay.\r\n    // This assumes the admin's assigned barangayId is stored in custom claims\r\n    function isAdminOfBarangay(barangayId) {\r\n      return isAdmin() && request.auth.token.barangayId == barangayId;\r\n    }\r\n\r\n    // =================================================================\r\n    // Collection: users\r\n    // Stores public user profile information.\r\n    // =================================================================\r\n    match /users/{userId} {\r\n      // READ: Users can read their own profile. Admins can read profiles of users in their barangay. Super admins can read other admins/super admins.\r\n      allow read: if isOwner(userId) ||\r\n                     (isAdmin() && resource.data.barangayId == request.auth.token.barangayId) ||\r\n                     (isSuperAdmin() && (resource.data.role == 'admin' || resource.data.role == 'superadmin'));\r\n\r\n      // CREATE: Allow user creation during registration. The document ID must match the UID\r\n      // and the role must be set to 'user'. We also validate required fields.\r\n      allow create: if request.auth != null && request.auth.uid == userId\r\n                    && request.resource.data.role == 'user'\r\n                    && request.resource.data.createdAt == request.time\r\n                    && request.resource.data.email is string\r\n                    && request.resource.data.name is string;\r\n\r\n      // UPDATE: A user can update their own profile, but cannot change their UID or role.\r\n      allow update: if isOwner(userId)\r\n                    && request.resource.data.uid == resource.data.uid\r\n                    && request.resource.data.role == resource.data.role;\r\n\r\n      // DELETE: Disallowed from client. Handle through a Cloud Function if needed.\r\n      allow delete: if false;\r\n    }\r\n\r\n    // =================================================================\r\n    // Collection: medicineRequests\r\n    // Stores requests for medicine from users.\r\n    // =================================================================\r\n    match /medicineRequests/{requestId} {\r\n      // READ: The owner or the admin of the barangay can read.\r\n      allow read: if isOwner(resource.data.userId) || isAdminOfBarangay(resource.data.barangayId);\r\n\r\n      // CREATE: A user can create a request for themselves. Validate required fields.\r\n      allow create: if isOwner(request.resource.data.userId) && isUserRole()\r\n                    && request.resource.data.status == 'pending'\r\n                    && request.resource.data.createdAt == request.time\r\n                    && request.resource.data.medicines is list\r\n                    && request.resource.data.barangayId is string;\r\n\r\n      // UPDATE: A user can cancel their own pending request. An admin can update the status of a request in their barangay.\r\n      allow update: if (isOwner(resource.data.userId) && request.resource.data.status == 'cancelled' && resource.data.status == 'pending') ||\r\n                       (isAdminOfBarangay(resource.data.barangayId) && request.resource.data.keys().hasOnly(['status']));\r\n\r\n      // DELETE: Disallowed. Users should update status to 'cancelled'.\r\n      allow delete: if false;\r\n    }\r\n\r\n    // =================================================================\r\n    // Collection: medicineTransfers\r\n    // Stores requests for medicine stock transfers from admins.\r\n    // =================================================================\r\n    match /medicineTransfers/{transferId} {\r\n      // READ: The requesting admin or any super admin can read.\r\n      allow read: if isAdminOfBarangay(resource.data.barangayId) || isSuperAdmin();\r\n\r\n      // CREATE: An admin can create a transfer request for their own barangay.\r\n      allow create: if isAdminOfBarangay(request.resource.data.barangayId)\r\n                    && request.resource.data.status == 'pending'\r\n                    && request.resource.data.createdAt == request.time;\r\n\r\n      // UPDATE: The requesting admin can cancel. Super admins can update status (e.g., to fulfill).\r\n      allow update: if (isAdminOfBarangay(resource.data.barangayId) && request.resource.data.status == 'cancelled' && resource.data.status == 'pending') ||\r\n                       (isSuperAdmin() && request.resource.data.keys().hasOnly(['status']));\r\n\r\n      // DELETE: Disallowed.\r\n      allow delete: if false;\r\n    }\r\n\r\n    // =================================================================\r\n    // Collection: teleconsultationRequests\r\n    // Stores requests for tele-consultations from users.\r\n    // =================================================================\r\n    match /teleconsultationRequests/{teleRequestId} {\r\n      // READ: The owner or the admin of the barangay can read.\r\n      allow read: if isOwner(resource.data.userId) || isAdminOfBarangay(resource.data.barangayId);\r\n\r\n      // CREATE: A user can create a request for themselves.\r\n      allow create: if isOwner(request.resource.data.userId) && isUserRole()\r\n                    && request.resource.data.status == 'pending'\r\n                    && request.resource.data.symptoms is string;\r\n\r\n      // UPDATE: An admin can update the status. A user can cancel their own pending request.\r\n      allow update: if (isOwner(resource.data.userId) && request.resource.data.status == 'cancelled' && resource.data.status == 'pending') ||\r\n                       (isAdminOfBarangay(resource.data.barangayId) && request.resource.data.keys().hasOnly(['status']));\r\n\r\n      // DELETE: Disallowed.\r\n      allow delete: if false;\r\n    }\r\n\r\n    // =================================================================\r\n    // Collection: teleconsultationSchedules\r\n    // Stores available dates for tele-consultations.\r\n    // =================================================================\r\n    match /teleconsultationSchedules/{scheduleId} {\r\n      // READ: Any authenticated user can read schedules to book an appointment.\r\n      allow read: if isAuthenticated();\r\n      // WRITE: Only super admins can create, update, or delete schedules.\r\n      allow write: if isSuperAdmin();\r\n    }\r\n\r\n    // =================================================================\r\n    // Collection: medicalRecords\r\n    // Stores user medical records. Created and managed by admins.\r\n    // =================================================================\r\n    match /medicalRecords/{recordId} {\r\n      // READ: The patient (owner) or the admin of the barangay.\r\n      allow read: if isOwner(resource.data.userId) || isAdminOfBarangay(resource.data.barangayId);\r\n\r\n      // WRITE: Only admins of the corresponding barangay or super admins can create/update records.\r\n      allow write: if isAdminOfBarangay(request.resource.data.barangayId) || isSuperAdmin();\r\n\r\n      // DELETE: Disallowed.\r\n      allow delete: if false;\r\n    }\r\n\r\n    // =================================================================\r\n    // Collection: medicines (Global Inventory)\r\n    // Managed by Super Admins.\r\n    // =================================================================\r\n    match /medicines/{medicineId} {\r\n      // READ: Any authenticated user can see the list of all possible medicines.\r\n      allow read: if isAuthenticated();\r\n      // WRITE: Only Super Admins can add, update, or remove from the global list.\r\n      allow write: if isSuperAdmin();\r\n    }\r\n\r\n    // =================================================================\r\n    // Collection: rhuInventory (RHU/Barangay-specific Inventory)\r\n    // Managed by Admins for their own barangay.\r\n    // =================================================================\r\n    match /rhuInventory/{barangayId}/{medicineId} {\r\n      // READ: Users can read their own barangay's inventory. Admins can read their own. Super admins can read all.\r\n      allow read: if (isUserRole() && barangayId == getUserData(request.auth.uid).barangay) ||\r\n                     isAdminOfBarangay(barangayId) ||\r\n                     isSuperAdmin();\r\n\r\n      // WRITE: Only the admin of that barangay or a super admin can manage inventory.\r\n      allow write: if isAdminOfBarangay(barangayId) || isSuperAdmin();\r\n    }\r\n\r\n    // =================================================================\r\n    // Collection: announcements\r\n    // Managed by Admins and Super Admins.\r\n    // =================================================================\r\n    match /announcements/{announcementId} {\r\n      // READ: Users can read announcements from their barangay. Admins can read announcements from their barangay. Super admins can read all announcements.\r\n      allow read: if (isUserRole() && resource.data.barangay == getUserData(request.auth.uid).barangay) ||\r\n                     (isAdmin() && resource.data.barangay == request.auth.token.barangayId) ||\r\n                     isSuperAdmin();\r\n      \r\n      // CREATE: Admins can create announcements for their barangay. Super admins can create announcements for any barangay.\r\n      allow create: if (isAdmin() && request.resource.data.barangay == request.auth.token.barangayId) ||\r\n                       isSuperAdmin();\r\n      \r\n      // UPDATE: Admins can update announcements from their barangay. Super admins can update any announcement.\r\n      allow update: if (isAdmin() && resource.data.barangay == request.auth.token.barangayId) ||\r\n                       isSuperAdmin();\r\n      \r\n      // DELETE: Admins can delete announcements from their barangay. Super admins can delete any announcement.\r\n      allow delete: if (isAdmin() && resource.data.barangay == request.auth.token.barangayId) ||\r\n                       isSuperAdmin();\r\n    }\r\n\r\n    // =================================================================\r\n    // Collection: logs\r\n    // Stores system activity logs and notifications.\r\n    // =================================================================\r\n    match /logs/{logId} {\r\n      // READ: Users can read their own logs. Admins can read logs for users in their barangay. Super admins can read all logs.\r\n      allow read: if isOwner(resource.data.userId) ||\r\n                     (isAdmin() && resource.data.barangayId == request.auth.token.barangayId) ||\r\n                     isSuperAdmin();\r\n\r\n      // WRITE: Only allow writes through Cloud Functions or specific authorized processes.\r\n      // Client-side writes are restricted to prevent unauthorized log creation.\r\n      allow write: if false;\r\n    }\r\n  }\r\n}\r\n","name":"firestore.rules"}]},"createTime":"2025-08-31T15:43:57.019759Z","metadata":{"services":["cloud.firestore"]}}
[debug] [2025-08-31T15:43:55.286Z] [rules] created ruleset projects/barangaymed/rulesets/ffe5d42c-d91e-4ca2-ab30-762a9f1f6d8c
[info] i  firestore: deploying indexes... 
[debug] [2025-08-31T15:43:55.288Z] Checked if tokens are valid: true, expires at: 1756657011062
[debug] [2025-08-31T15:43:55.288Z] Checked if tokens are valid: true, expires at: 1756657011062
[debug] [2025-08-31T15:43:55.289Z] >>> [apiv2][query] POST https://cloudfunctions.googleapis.com/v1/projects/barangaymed/locations/us-central1/functions:generateUploadUrl [none]
[debug] [2025-08-31T15:43:55.289Z] >>> [apiv2][body] POST https://cloudfunctions.googleapis.com/v1/projects/barangaymed/locations/us-central1/functions:generateUploadUrl {}
[debug] [2025-08-31T15:43:56.163Z] <<< [apiv2][status] POST https://cloudfunctions.googleapis.com/v1/projects/barangaymed/locations/us-central1/functions:generateUploadUrl 200
[debug] [2025-08-31T15:43:56.163Z] <<< [apiv2][body] POST https://cloudfunctions.googleapis.com/v1/projects/barangaymed/locations/us-central1/functions:generateUploadUrl {"uploadUrl":"https://storage.googleapis.com/uploads-444659245168.us-central1.cloudfunctions.appspot.com/51862e41-e31f-4696-9582-389564b69e26.zip?GoogleAccessId=service-18633162801@gcf-admin-robot.iam.gserviceaccount.com&Expires=1756656837&Signature=gpUAP1A1YbqHLOw0qd4MCB%2FMnFCeh1t4dCHOZ%2Fn74EU%2FOFPTBYkyd%2F1F8buIqo4UFWhi58sbDfuzcFfENK%2BX4%2FJUq1Vi9Ywk9NQN4qhxuMHRE%2FTYp6%2BQYfCJpLG0rJuxmfwJ60RZQjLqprugYV5Rfc6IZBw6VcneArZcvxV2dLxsABSdTl2CnAPr2ImmhZ5T0%2FBXZipATIu3KP4ZNqHVpIScfTwucWTpuXO2TsNSWQqNbHRh2NWYyNy88cPLRMBCxdusSVZErkSNKRUtZ%2Bc7kT9lwI7z4ItJ1WKelJFjzD0%2FjtameABaTF%2BOHYd6u7Wetj4LkjDVtzWafy8sL1mjLA%3D%3D"}
[debug] [2025-08-31T15:43:56.164Z] >>> [apiv2][query] PUT https://storage.googleapis.com/uploads-444659245168.us-central1.cloudfunctions.appspot.com/51862e41-e31f-4696-9582-389564b69e26.zip GoogleAccessId=service-18633162801%40gcf-admin-robot.iam.gserviceaccount.com&Expires=1756656837&Signature=gpUAP1A1YbqHLOw0qd4MCB%2FMnFCeh1t4dCHOZ%2Fn74EU%2FOFPTBYkyd%2F1F8buIqo4UFWhi58sbDfuzcFfENK%2BX4%2FJUq1Vi9Ywk9NQN4qhxuMHRE%2FTYp6%2BQYfCJpLG0rJuxmfwJ60RZQjLqprugYV5Rfc6IZBw6VcneArZcvxV2dLxsABSdTl2CnAPr2ImmhZ5T0%2FBXZipATIu3KP4ZNqHVpIScfTwucWTpuXO2TsNSWQqNbHRh2NWYyNy88cPLRMBCxdusSVZErkSNKRUtZ%2Bc7kT9lwI7z4ItJ1WKelJFjzD0%2FjtameABaTF%2BOHYd6u7Wetj4LkjDVtzWafy8sL1mjLA%3D%3D
[debug] [2025-08-31T15:43:56.164Z] >>> [apiv2][body] PUT https://storage.googleapis.com/uploads-444659245168.us-central1.cloudfunctions.appspot.com/51862e41-e31f-4696-9582-389564b69e26.zip [stream]
[debug] [2025-08-31T15:43:56.995Z] <<< [apiv2][status] PUT https://storage.googleapis.com/uploads-444659245168.us-central1.cloudfunctions.appspot.com/51862e41-e31f-4696-9582-389564b69e26.zip 200
[debug] [2025-08-31T15:43:56.995Z] <<< [apiv2][body] PUT https://storage.googleapis.com/uploads-444659245168.us-central1.cloudfunctions.appspot.com/51862e41-e31f-4696-9582-389564b69e26.zip [omitted]
[info] +  functions: functions folder uploaded successfully 
[info] i  hosting[barangaymed]: beginning deploy... 
[info] i  hosting[barangaymed]: found 27 files in dist 
[debug] [2025-08-31T15:43:57.016Z] [hosting] uploading with 200 concurrency
[debug] [2025-08-31T15:43:57.117Z] Checked if tokens are valid: true, expires at: 1756657011062
[debug] [2025-08-31T15:43:57.117Z] Checked if tokens are valid: true, expires at: 1756657011062
[debug] [2025-08-31T15:43:57.124Z] [hosting] hash cache [ZGlzdA] stored for 27 files
[debug] [2025-08-31T15:43:57.124Z] [hosting][hash queue][FINAL] {"max":83,"min":16,"avg":23.777777777777786,"active":0,"complete":27,"success":27,"errored":0,"retried":0,"total":27,"elapsed":102}
[debug] [2025-08-31T15:43:57.125Z] >>> [apiv2][query] POST https://firebasehosting.googleapis.com/v1beta1/projects/18633162801/sites/barangaymed/versions/e9e6cf6835903eca:populateFiles [none]
[debug] [2025-08-31T15:43:57.125Z] >>> [apiv2][body] POST https://firebasehosting.googleapis.com/v1beta1/projects/18633162801/sites/barangaymed/versions/e9e6cf6835903eca:populateFiles {"files":{"/registerSW.js":"09e15d1438017c065a3281739cb5506aeaf7b3047bc3ada992da01d4497c2d43","/manifest.webmanifest":"45f68983a5fc1fc26d715be79c7c95798984c17cdfebd2c0a69aeb8ed427a13b","/favicon.png":"1da1aecb40e0a38e4d9dfe33234e0c8b6bf9f183aaebc9ec6a3a2e444e30b426","/assets/web-legacy-CsVNKZkD.js":"e706bfeb874c38f4301fc8b0496183b2980360d80aed4671e0e741ff0fe5e829","/index.html":"cd708b61b562313c4d25514e7bb46689c21da955cd7d26b3cb09c2d7b17b6692","/assets/web-CzRA7VO3.js":"36641d72b7e6b828ff83467654caba19c5952ab4cf85c8431d6132c8168a73b5","/sw.js":"16e08ab73a44158f65031043856ad7b0cda41f5d8215ff0601e0ec48ec4959b1","/assets/swipe-back-legacy-KOG8I6Cn.js":"5aa451dab8c24a320db4df2c70a8b94bf1749baecbbdad684c0c11f0ce0f5437","/assets/swipe-back-BWXqOd4P.js":"e6e316a30f5bc63ace687168206d767ec40b1d8e231117e51de67d9a120ede68","/assets/status-tap-BScH6KnI.js":"23fbcaedf9c9812d1feb547fd3e312d445763987222962fcedd069a2edd88b77","/assets/status-tap-legacy-C-GFDx5K.js":"428166b297674dc65c9c3ce95ff3bedab26fe8d2d85c85cac48fd338572a1853","/assets/md.transition-legacy-BbwSJHO3.js":"df9dac63d0b29221fd3f27eb468e4b21c51831cc6b716b3afa31b3a832201218","/assets/md.transition-5Bfr3a9i.js":"b09dc723a69ac4acfede8010d31240d223a2660dc1d72deb8df47e6fb7e15b60","/assets/manifest-CRBoo-1x.json":"10f551cc9a3f33526e0c440020f01bd41df810eeae7613f4cafff89423cd60f5","/assets/ios.transition-legacy-Cds0Q6d1.js":"c0817e1130a5e9df04a3197651229e00125f2bece3c3e39dc46427e3b3b5c8c4","/assets/input-shims-legacy-CRTHZShy.js":"2951870e898d90a03c11c2676d330d1b1cbd6addf0c8e468e9b00e3491520e22","/assets/index7-legacy-C8nnf8Gt.js":"1415f803407e0daa6c802e853af7b2687abb7237f864af73f779a0ded4c1b62d","/assets/input-shims-CAGZYu8u.js":"6ea9a83dc15c17c33c4f4bb5970f572ead6cd8c565b3460a3cd592444b25baf7","/assets/index7-DBRLiv0U.js":"6fb459592ddc41384888c6b8e4b1c89e43937e838ef353a144ed2ac35eb70fa0","/assets/index-CebSZ6Dw.css":"8c10a654a194d9a294a7e0c49708d31dcaa8903c7d94a3affd6e2d4633130a2b","/assets/ios.transition-D9hrUFL9.js":"5e547beeb35e729c0102bd6df4f7ef0873e4d0f9252cae433873bf161442fede","/assets/TV - 1-CXfL643r.png":"0c99ed7ad09d647333117533eea9cc99b69318e8547736b3d560ccd712078743","/assets/polyfills-legacy-C-Zo2DN4.js":"2f794939bf39d76349acfb5a5665a7983d00a305335e459e236e9fc4c5346917","/assets/healthcare-DB-Q6XPK.png":"e12b8b8a3176bc0b407d7cba73a6bac6940e9fe42af695b68637a8fba7740383","/assets/Alexandria-VariableFont_wght-0NefcU-C.ttf":"5d0cd7b8bcd92fdcb2d0ba44001e2f88cc11cc598843ab05a78e4de6902e2d3d","/assets/index-legacy-_pqNShw_.js":"b64a41c2ea88753cbf8686af5aa762e4c879632cb4a9e4946c89e4fa67ff60a7","/assets/index-CKUV-fjm.js":"ab376ec59d090fcce4cce31e11d0e0f85350717798552095e231ff8a3cdd2520"}}
[debug] [2025-08-31T15:43:57.833Z] <<< [apiv2][status] POST https://firebasehosting.googleapis.com/v1beta1/projects/18633162801/sites/barangaymed/versions/e9e6cf6835903eca:populateFiles 200
[debug] [2025-08-31T15:43:57.833Z] <<< [apiv2][body] POST https://firebasehosting.googleapis.com/v1beta1/projects/18633162801/sites/barangaymed/versions/e9e6cf6835903eca:populateFiles {"uploadRequiredHashes":["36641d72b7e6b828ff83467654caba19c5952ab4cf85c8431d6132c8168a73b5","e6e316a30f5bc63ace687168206d767ec40b1d8e231117e51de67d9a120ede68","b64a41c2ea88753cbf8686af5aa762e4c879632cb4a9e4946c89e4fa67ff60a7","c0817e1130a5e9df04a3197651229e00125f2bece3c3e39dc46427e3b3b5c8c4","1415f803407e0daa6c802e853af7b2687abb7237f864af73f779a0ded4c1b62d","2f794939bf39d76349acfb5a5665a7983d00a305335e459e236e9fc4c5346917","5e547beeb35e729c0102bd6df4f7ef0873e4d0f9252cae433873bf161442fede","428166b297674dc65c9c3ce95ff3bedab26fe8d2d85c85cac48fd338572a1853","b09dc723a69ac4acfede8010d31240d223a2660dc1d72deb8df47e6fb7e15b60","6ea9a83dc15c17c33c4f4bb5970f572ead6cd8c565b3460a3cd592444b25baf7","5aa451dab8c24a320db4df2c70a8b94bf1749baecbbdad684c0c11f0ce0f5437","df9dac63d0b29221fd3f27eb468e4b21c51831cc6b716b3afa31b3a832201218","23fbcaedf9c9812d1feb547fd3e312d445763987222962fcedd069a2edd88b77","6fb459592ddc41384888c6b8e4b1c89e43937e838ef353a144ed2ac35eb70fa0","ab376ec59d090fcce4cce31e11d0e0f85350717798552095e231ff8a3cdd2520","16e08ab73a44158f65031043856ad7b0cda41f5d8215ff0601e0ec48ec4959b1","e706bfeb874c38f4301fc8b0496183b2980360d80aed4671e0e741ff0fe5e829","2951870e898d90a03c11c2676d330d1b1cbd6addf0c8e468e9b00e3491520e22","cd708b61b562313c4d25514e7bb46689c21da955cd7d26b3cb09c2d7b17b6692"],"uploadUrl":"https://upload-firebasehosting.googleapis.com/upload/sites/barangaymed/versions/e9e6cf6835903eca/files"}
[debug] [2025-08-31T15:43:57.834Z] Checked if tokens are valid: true, expires at: 1756657011062
[debug] [2025-08-31T15:43:57.834Z] Checked if tokens are valid: true, expires at: 1756657011062
[debug] [2025-08-31T15:43:57.835Z] Checked if tokens are valid: true, expires at: 1756657011062
[debug] [2025-08-31T15:43:57.835Z] Checked if tokens are valid: true, expires at: 1756657011062
[debug] [2025-08-31T15:43:57.835Z] Checked if tokens are valid: true, expires at: 1756657011062
[debug] [2025-08-31T15:43:57.835Z] Checked if tokens are valid: true, expires at: 1756657011062
[debug] [2025-08-31T15:43:57.835Z] Checked if tokens are valid: true, expires at: 1756657011062
[debug] [2025-08-31T15:43:57.835Z] Checked if tokens are valid: true, expires at: 1756657011062
[debug] [2025-08-31T15:43:57.836Z] Checked if tokens are valid: true, expires at: 1756657011062
[debug] [2025-08-31T15:43:57.836Z] Checked if tokens are valid: true, expires at: 1756657011062
[debug] [2025-08-31T15:43:57.836Z] Checked if tokens are valid: true, expires at: 1756657011062
[debug] [2025-08-31T15:43:57.836Z] Checked if tokens are valid: true, expires at: 1756657011062
[debug] [2025-08-31T15:43:57.836Z] Checked if tokens are valid: true, expires at: 1756657011062
[debug] [2025-08-31T15:43:57.836Z] Checked if tokens are valid: true, expires at: 1756657011062
[debug] [2025-08-31T15:43:57.836Z] Checked if tokens are valid: true, expires at: 1756657011062
[debug] [2025-08-31T15:43:57.836Z] Checked if tokens are valid: true, expires at: 1756657011062
[debug] [2025-08-31T15:43:57.837Z] Checked if tokens are valid: true, expires at: 1756657011062
[debug] [2025-08-31T15:43:57.837Z] Checked if tokens are valid: true, expires at: 1756657011062
[debug] [2025-08-31T15:43:57.837Z] Checked if tokens are valid: true, expires at: 1756657011062
[debug] [2025-08-31T15:43:57.837Z] Checked if tokens are valid: true, expires at: 1756657011062
[debug] [2025-08-31T15:43:57.837Z] Checked if tokens are valid: true, expires at: 1756657011062
[debug] [2025-08-31T15:43:57.837Z] Checked if tokens are valid: true, expires at: 1756657011062
[debug] [2025-08-31T15:43:57.837Z] Checked if tokens are valid: true, expires at: 1756657011062
[debug] [2025-08-31T15:43:57.837Z] Checked if tokens are valid: true, expires at: 1756657011062
[debug] [2025-08-31T15:43:57.837Z] Checked if tokens are valid: true, expires at: 1756657011062
[debug] [2025-08-31T15:43:57.837Z] Checked if tokens are valid: true, expires at: 1756657011062
[debug] [2025-08-31T15:43:57.838Z] Checked if tokens are valid: true, expires at: 1756657011062
[debug] [2025-08-31T15:43:57.838Z] Checked if tokens are valid: true, expires at: 1756657011062
[debug] [2025-08-31T15:43:57.838Z] Checked if tokens are valid: true, expires at: 1756657011062
[debug] [2025-08-31T15:43:57.838Z] Checked if tokens are valid: true, expires at: 1756657011062
[debug] [2025-08-31T15:43:57.838Z] Checked if tokens are valid: true, expires at: 1756657011062
[debug] [2025-08-31T15:43:57.838Z] Checked if tokens are valid: true, expires at: 1756657011062
[debug] [2025-08-31T15:43:57.838Z] Checked if tokens are valid: true, expires at: 1756657011062
[debug] [2025-08-31T15:43:57.838Z] Checked if tokens are valid: true, expires at: 1756657011062
[debug] [2025-08-31T15:43:57.838Z] Checked if tokens are valid: true, expires at: 1756657011062
[debug] [2025-08-31T15:43:57.839Z] Checked if tokens are valid: true, expires at: 1756657011062
[debug] [2025-08-31T15:43:57.840Z] Checked if tokens are valid: true, expires at: 1756657011062
[debug] [2025-08-31T15:43:57.840Z] Checked if tokens are valid: true, expires at: 1756657011062
[debug] [2025-08-31T15:43:57.840Z] >>> [apiv2][query] POST https://upload-firebasehosting.googleapis.com/upload/sites/barangaymed/versions/e9e6cf6835903eca/files/36641d72b7e6b828ff83467654caba19c5952ab4cf85c8431d6132c8168a73b5 [none]
[debug] [2025-08-31T15:43:57.840Z] >>> [apiv2][body] POST https://upload-firebasehosting.googleapis.com/upload/sites/barangaymed/versions/e9e6cf6835903eca/files/36641d72b7e6b828ff83467654caba19c5952ab4cf85c8431d6132c8168a73b5 [stream]
[debug] [2025-08-31T15:43:57.841Z] >>> [apiv2][query] POST https://upload-firebasehosting.googleapis.com/upload/sites/barangaymed/versions/e9e6cf6835903eca/files/e6e316a30f5bc63ace687168206d767ec40b1d8e231117e51de67d9a120ede68 [none]
[debug] [2025-08-31T15:43:57.841Z] >>> [apiv2][body] POST https://upload-firebasehosting.googleapis.com/upload/sites/barangaymed/versions/e9e6cf6835903eca/files/e6e316a30f5bc63ace687168206d767ec40b1d8e231117e51de67d9a120ede68 [stream]
[debug] [2025-08-31T15:43:57.842Z] >>> [apiv2][query] POST https://upload-firebasehosting.googleapis.com/upload/sites/barangaymed/versions/e9e6cf6835903eca/files/b64a41c2ea88753cbf8686af5aa762e4c879632cb4a9e4946c89e4fa67ff60a7 [none]
[debug] [2025-08-31T15:43:57.842Z] >>> [apiv2][body] POST https://upload-firebasehosting.googleapis.com/upload/sites/barangaymed/versions/e9e6cf6835903eca/files/b64a41c2ea88753cbf8686af5aa762e4c879632cb4a9e4946c89e4fa67ff60a7 [stream]
[debug] [2025-08-31T15:43:57.842Z] >>> [apiv2][query] POST https://upload-firebasehosting.googleapis.com/upload/sites/barangaymed/versions/e9e6cf6835903eca/files/c0817e1130a5e9df04a3197651229e00125f2bece3c3e39dc46427e3b3b5c8c4 [none]
[debug] [2025-08-31T15:43:57.842Z] >>> [apiv2][body] POST https://upload-firebasehosting.googleapis.com/upload/sites/barangaymed/versions/e9e6cf6835903eca/files/c0817e1130a5e9df04a3197651229e00125f2bece3c3e39dc46427e3b3b5c8c4 [stream]
[debug] [2025-08-31T15:43:57.843Z] >>> [apiv2][query] POST https://upload-firebasehosting.googleapis.com/upload/sites/barangaymed/versions/e9e6cf6835903eca/files/1415f803407e0daa6c802e853af7b2687abb7237f864af73f779a0ded4c1b62d [none]
[debug] [2025-08-31T15:43:57.843Z] >>> [apiv2][body] POST https://upload-firebasehosting.googleapis.com/upload/sites/barangaymed/versions/e9e6cf6835903eca/files/1415f803407e0daa6c802e853af7b2687abb7237f864af73f779a0ded4c1b62d [stream]
[debug] [2025-08-31T15:43:57.843Z] >>> [apiv2][query] POST https://upload-firebasehosting.googleapis.com/upload/sites/barangaymed/versions/e9e6cf6835903eca/files/2f794939bf39d76349acfb5a5665a7983d00a305335e459e236e9fc4c5346917 [none]
[debug] [2025-08-31T15:43:57.843Z] >>> [apiv2][body] POST https://upload-firebasehosting.googleapis.com/upload/sites/barangaymed/versions/e9e6cf6835903eca/files/2f794939bf39d76349acfb5a5665a7983d00a305335e459e236e9fc4c5346917 [stream]
[debug] [2025-08-31T15:43:57.844Z] >>> [apiv2][query] POST https://upload-firebasehosting.googleapis.com/upload/sites/barangaymed/versions/e9e6cf6835903eca/files/5e547beeb35e729c0102bd6df4f7ef0873e4d0f9252cae433873bf161442fede [none]
[debug] [2025-08-31T15:43:57.844Z] >>> [apiv2][body] POST https://upload-firebasehosting.googleapis.com/upload/sites/barangaymed/versions/e9e6cf6835903eca/files/5e547beeb35e729c0102bd6df4f7ef0873e4d0f9252cae433873bf161442fede [stream]
[debug] [2025-08-31T15:43:57.844Z] >>> [apiv2][query] POST https://upload-firebasehosting.googleapis.com/upload/sites/barangaymed/versions/e9e6cf6835903eca/files/428166b297674dc65c9c3ce95ff3bedab26fe8d2d85c85cac48fd338572a1853 [none]
[debug] [2025-08-31T15:43:57.844Z] >>> [apiv2][body] POST https://upload-firebasehosting.googleapis.com/upload/sites/barangaymed/versions/e9e6cf6835903eca/files/428166b297674dc65c9c3ce95ff3bedab26fe8d2d85c85cac48fd338572a1853 [stream]
[debug] [2025-08-31T15:43:57.845Z] >>> [apiv2][query] POST https://upload-firebasehosting.googleapis.com/upload/sites/barangaymed/versions/e9e6cf6835903eca/files/b09dc723a69ac4acfede8010d31240d223a2660dc1d72deb8df47e6fb7e15b60 [none]
[debug] [2025-08-31T15:43:57.845Z] >>> [apiv2][body] POST https://upload-firebasehosting.googleapis.com/upload/sites/barangaymed/versions/e9e6cf6835903eca/files/b09dc723a69ac4acfede8010d31240d223a2660dc1d72deb8df47e6fb7e15b60 [stream]
[debug] [2025-08-31T15:43:57.846Z] >>> [apiv2][query] POST https://upload-firebasehosting.googleapis.com/upload/sites/barangaymed/versions/e9e6cf6835903eca/files/6ea9a83dc15c17c33c4f4bb5970f572ead6cd8c565b3460a3cd592444b25baf7 [none]
[debug] [2025-08-31T15:43:57.846Z] >>> [apiv2][body] POST https://upload-firebasehosting.googleapis.com/upload/sites/barangaymed/versions/e9e6cf6835903eca/files/6ea9a83dc15c17c33c4f4bb5970f572ead6cd8c565b3460a3cd592444b25baf7 [stream]
[debug] [2025-08-31T15:43:57.846Z] >>> [apiv2][query] POST https://upload-firebasehosting.googleapis.com/upload/sites/barangaymed/versions/e9e6cf6835903eca/files/5aa451dab8c24a320db4df2c70a8b94bf1749baecbbdad684c0c11f0ce0f5437 [none]
[debug] [2025-08-31T15:43:57.846Z] >>> [apiv2][body] POST https://upload-firebasehosting.googleapis.com/upload/sites/barangaymed/versions/e9e6cf6835903eca/files/5aa451dab8c24a320db4df2c70a8b94bf1749baecbbdad684c0c11f0ce0f5437 [stream]
[debug] [2025-08-31T15:43:57.847Z] >>> [apiv2][query] POST https://upload-firebasehosting.googleapis.com/upload/sites/barangaymed/versions/e9e6cf6835903eca/files/df9dac63d0b29221fd3f27eb468e4b21c51831cc6b716b3afa31b3a832201218 [none]
[debug] [2025-08-31T15:43:57.847Z] >>> [apiv2][body] POST https://upload-firebasehosting.googleapis.com/upload/sites/barangaymed/versions/e9e6cf6835903eca/files/df9dac63d0b29221fd3f27eb468e4b21c51831cc6b716b3afa31b3a832201218 [stream]
[debug] [2025-08-31T15:43:57.847Z] >>> [apiv2][query] POST https://upload-firebasehosting.googleapis.com/upload/sites/barangaymed/versions/e9e6cf6835903eca/files/23fbcaedf9c9812d1feb547fd3e312d445763987222962fcedd069a2edd88b77 [none]
[debug] [2025-08-31T15:43:57.847Z] >>> [apiv2][body] POST https://upload-firebasehosting.googleapis.com/upload/sites/barangaymed/versions/e9e6cf6835903eca/files/23fbcaedf9c9812d1feb547fd3e312d445763987222962fcedd069a2edd88b77 [stream]
[debug] [2025-08-31T15:43:57.849Z] >>> [apiv2][query] POST https://upload-firebasehosting.googleapis.com/upload/sites/barangaymed/versions/e9e6cf6835903eca/files/6fb459592ddc41384888c6b8e4b1c89e43937e838ef353a144ed2ac35eb70fa0 [none]
[debug] [2025-08-31T15:43:57.849Z] >>> [apiv2][body] POST https://upload-firebasehosting.googleapis.com/upload/sites/barangaymed/versions/e9e6cf6835903eca/files/6fb459592ddc41384888c6b8e4b1c89e43937e838ef353a144ed2ac35eb70fa0 [stream]
[debug] [2025-08-31T15:43:57.849Z] >>> [apiv2][query] POST https://upload-firebasehosting.googleapis.com/upload/sites/barangaymed/versions/e9e6cf6835903eca/files/ab376ec59d090fcce4cce31e11d0e0f85350717798552095e231ff8a3cdd2520 [none]
[debug] [2025-08-31T15:43:57.849Z] >>> [apiv2][body] POST https://upload-firebasehosting.googleapis.com/upload/sites/barangaymed/versions/e9e6cf6835903eca/files/ab376ec59d090fcce4cce31e11d0e0f85350717798552095e231ff8a3cdd2520 [stream]
[debug] [2025-08-31T15:43:57.849Z] >>> [apiv2][query] POST https://upload-firebasehosting.googleapis.com/upload/sites/barangaymed/versions/e9e6cf6835903eca/files/16e08ab73a44158f65031043856ad7b0cda41f5d8215ff0601e0ec48ec4959b1 [none]
[debug] [2025-08-31T15:43:57.849Z] >>> [apiv2][body] POST https://upload-firebasehosting.googleapis.com/upload/sites/barangaymed/versions/e9e6cf6835903eca/files/16e08ab73a44158f65031043856ad7b0cda41f5d8215ff0601e0ec48ec4959b1 [stream]
[debug] [2025-08-31T15:43:57.850Z] >>> [apiv2][query] POST https://upload-firebasehosting.googleapis.com/upload/sites/barangaymed/versions/e9e6cf6835903eca/files/e706bfeb874c38f4301fc8b0496183b2980360d80aed4671e0e741ff0fe5e829 [none]
[debug] [2025-08-31T15:43:57.850Z] >>> [apiv2][body] POST https://upload-firebasehosting.googleapis.com/upload/sites/barangaymed/versions/e9e6cf6835903eca/files/e706bfeb874c38f4301fc8b0496183b2980360d80aed4671e0e741ff0fe5e829 [stream]
[debug] [2025-08-31T15:43:57.850Z] >>> [apiv2][query] POST https://upload-firebasehosting.googleapis.com/upload/sites/barangaymed/versions/e9e6cf6835903eca/files/2951870e898d90a03c11c2676d330d1b1cbd6addf0c8e468e9b00e3491520e22 [none]
[debug] [2025-08-31T15:43:57.850Z] >>> [apiv2][body] POST https://upload-firebasehosting.googleapis.com/upload/sites/barangaymed/versions/e9e6cf6835903eca/files/2951870e898d90a03c11c2676d330d1b1cbd6addf0c8e468e9b00e3491520e22 [stream]
[debug] [2025-08-31T15:43:57.851Z] >>> [apiv2][query] POST https://upload-firebasehosting.googleapis.com/upload/sites/barangaymed/versions/e9e6cf6835903eca/files/cd708b61b562313c4d25514e7bb46689c21da955cd7d26b3cb09c2d7b17b6692 [none]
[debug] [2025-08-31T15:43:57.851Z] >>> [apiv2][body] POST https://upload-firebasehosting.googleapis.com/upload/sites/barangaymed/versions/e9e6cf6835903eca/files/cd708b61b562313c4d25514e7bb46689c21da955cd7d26b3cb09c2d7b17b6692 [stream]
[debug] [2025-08-31T15:43:57.851Z] [hosting][populate queue][FINAL] {"max":724,"min":724,"avg":724,"active":0,"complete":1,"success":1,"errored":0,"retried":0,"total":1,"elapsed":735}
[debug] [2025-08-31T15:43:57.851Z] [hosting] uploads queued: 19
[debug] [2025-08-31T15:43:58.870Z] <<< [apiv2][status] POST https://upload-firebasehosting.googleapis.com/upload/sites/barangaymed/versions/e9e6cf6835903eca/files/5e547beeb35e729c0102bd6df4f7ef0873e4d0f9252cae433873bf161442fede 200
[debug] [2025-08-31T15:43:58.870Z] <<< [apiv2][body] POST https://upload-firebasehosting.googleapis.com/upload/sites/barangaymed/versions/e9e6cf6835903eca/files/5e547beeb35e729c0102bd6df4f7ef0873e4d0f9252cae433873bf161442fede [stream]
[debug] [2025-08-31T15:43:59.024Z] <<< [apiv2][status] POST https://upload-firebasehosting.googleapis.com/upload/sites/barangaymed/versions/e9e6cf6835903eca/files/1415f803407e0daa6c802e853af7b2687abb7237f864af73f779a0ded4c1b62d 200
[debug] [2025-08-31T15:43:59.024Z] <<< [apiv2][body] POST https://upload-firebasehosting.googleapis.com/upload/sites/barangaymed/versions/e9e6cf6835903eca/files/1415f803407e0daa6c802e853af7b2687abb7237f864af73f779a0ded4c1b62d [stream]
[debug] [2025-08-31T15:43:59.057Z] <<< [apiv2][status] POST https://upload-firebasehosting.googleapis.com/upload/sites/barangaymed/versions/e9e6cf6835903eca/files/2f794939bf39d76349acfb5a5665a7983d00a305335e459e236e9fc4c5346917 200
[debug] [2025-08-31T15:43:59.057Z] <<< [apiv2][body] POST https://upload-firebasehosting.googleapis.com/upload/sites/barangaymed/versions/e9e6cf6835903eca/files/2f794939bf39d76349acfb5a5665a7983d00a305335e459e236e9fc4c5346917 [stream]
[debug] [2025-08-31T15:43:59.095Z] <<< [apiv2][status] POST https://upload-firebasehosting.googleapis.com/upload/sites/barangaymed/versions/e9e6cf6835903eca/files/36641d72b7e6b828ff83467654caba19c5952ab4cf85c8431d6132c8168a73b5 200
[debug] [2025-08-31T15:43:59.095Z] <<< [apiv2][body] POST https://upload-firebasehosting.googleapis.com/upload/sites/barangaymed/versions/e9e6cf6835903eca/files/36641d72b7e6b828ff83467654caba19c5952ab4cf85c8431d6132c8168a73b5 [stream]
[debug] [2025-08-31T15:43:59.098Z] <<< [apiv2][status] POST https://upload-firebasehosting.googleapis.com/upload/sites/barangaymed/versions/e9e6cf6835903eca/files/6ea9a83dc15c17c33c4f4bb5970f572ead6cd8c565b3460a3cd592444b25baf7 200
[debug] [2025-08-31T15:43:59.098Z] <<< [apiv2][body] POST https://upload-firebasehosting.googleapis.com/upload/sites/barangaymed/versions/e9e6cf6835903eca/files/6ea9a83dc15c17c33c4f4bb5970f572ead6cd8c565b3460a3cd592444b25baf7 [stream]
[debug] [2025-08-31T15:43:59.106Z] <<< [apiv2][status] POST https://upload-firebasehosting.googleapis.com/upload/sites/barangaymed/versions/e9e6cf6835903eca/files/428166b297674dc65c9c3ce95ff3bedab26fe8d2d85c85cac48fd338572a1853 200
[debug] [2025-08-31T15:43:59.106Z] <<< [apiv2][body] POST https://upload-firebasehosting.googleapis.com/upload/sites/barangaymed/versions/e9e6cf6835903eca/files/428166b297674dc65c9c3ce95ff3bedab26fe8d2d85c85cac48fd338572a1853 [stream]
[debug] [2025-08-31T15:43:59.109Z] <<< [apiv2][status] POST https://upload-firebasehosting.googleapis.com/upload/sites/barangaymed/versions/e9e6cf6835903eca/files/23fbcaedf9c9812d1feb547fd3e312d445763987222962fcedd069a2edd88b77 200
[debug] [2025-08-31T15:43:59.110Z] <<< [apiv2][body] POST https://upload-firebasehosting.googleapis.com/upload/sites/barangaymed/versions/e9e6cf6835903eca/files/23fbcaedf9c9812d1feb547fd3e312d445763987222962fcedd069a2edd88b77 [stream]
[debug] [2025-08-31T15:43:59.219Z] <<< [apiv2][status] POST https://upload-firebasehosting.googleapis.com/upload/sites/barangaymed/versions/e9e6cf6835903eca/files/5aa451dab8c24a320db4df2c70a8b94bf1749baecbbdad684c0c11f0ce0f5437 200
[debug] [2025-08-31T15:43:59.219Z] <<< [apiv2][body] POST https://upload-firebasehosting.googleapis.com/upload/sites/barangaymed/versions/e9e6cf6835903eca/files/5aa451dab8c24a320db4df2c70a8b94bf1749baecbbdad684c0c11f0ce0f5437 [stream]
[debug] [2025-08-31T15:43:59.233Z] <<< [apiv2][status] POST https://upload-firebasehosting.googleapis.com/upload/sites/barangaymed/versions/e9e6cf6835903eca/files/ab376ec59d090fcce4cce31e11d0e0f85350717798552095e231ff8a3cdd2520 200
[debug] [2025-08-31T15:43:59.233Z] <<< [apiv2][body] POST https://upload-firebasehosting.googleapis.com/upload/sites/barangaymed/versions/e9e6cf6835903eca/files/ab376ec59d090fcce4cce31e11d0e0f85350717798552095e231ff8a3cdd2520 [stream]
[debug] [2025-08-31T15:43:59.465Z] <<< [apiv2][status] POST https://upload-firebasehosting.googleapis.com/upload/sites/barangaymed/versions/e9e6cf6835903eca/files/2951870e898d90a03c11c2676d330d1b1cbd6addf0c8e468e9b00e3491520e22 200
[debug] [2025-08-31T15:43:59.465Z] <<< [apiv2][body] POST https://upload-firebasehosting.googleapis.com/upload/sites/barangaymed/versions/e9e6cf6835903eca/files/2951870e898d90a03c11c2676d330d1b1cbd6addf0c8e468e9b00e3491520e22 [stream]
[debug] [2025-08-31T15:43:59.466Z] <<< [apiv2][status] POST https://upload-firebasehosting.googleapis.com/upload/sites/barangaymed/versions/e9e6cf6835903eca/files/e6e316a30f5bc63ace687168206d767ec40b1d8e231117e51de67d9a120ede68 200
[debug] [2025-08-31T15:43:59.466Z] <<< [apiv2][body] POST https://upload-firebasehosting.googleapis.com/upload/sites/barangaymed/versions/e9e6cf6835903eca/files/e6e316a30f5bc63ace687168206d767ec40b1d8e231117e51de67d9a120ede68 [stream]
[debug] [2025-08-31T15:43:59.478Z] <<< [apiv2][status] POST https://upload-firebasehosting.googleapis.com/upload/sites/barangaymed/versions/e9e6cf6835903eca/files/df9dac63d0b29221fd3f27eb468e4b21c51831cc6b716b3afa31b3a832201218 200
[debug] [2025-08-31T15:43:59.479Z] <<< [apiv2][body] POST https://upload-firebasehosting.googleapis.com/upload/sites/barangaymed/versions/e9e6cf6835903eca/files/df9dac63d0b29221fd3f27eb468e4b21c51831cc6b716b3afa31b3a832201218 [stream]
[debug] [2025-08-31T15:43:59.577Z] <<< [apiv2][status] POST https://upload-firebasehosting.googleapis.com/upload/sites/barangaymed/versions/e9e6cf6835903eca/files/e706bfeb874c38f4301fc8b0496183b2980360d80aed4671e0e741ff0fe5e829 200
[debug] [2025-08-31T15:43:59.577Z] <<< [apiv2][body] POST https://upload-firebasehosting.googleapis.com/upload/sites/barangaymed/versions/e9e6cf6835903eca/files/e706bfeb874c38f4301fc8b0496183b2980360d80aed4671e0e741ff0fe5e829 [stream]
[debug] [2025-08-31T15:43:59.653Z] <<< [apiv2][status] POST https://upload-firebasehosting.googleapis.com/upload/sites/barangaymed/versions/e9e6cf6835903eca/files/b09dc723a69ac4acfede8010d31240d223a2660dc1d72deb8df47e6fb7e15b60 200
[debug] [2025-08-31T15:43:59.653Z] <<< [apiv2][body] POST https://upload-firebasehosting.googleapis.com/upload/sites/barangaymed/versions/e9e6cf6835903eca/files/b09dc723a69ac4acfede8010d31240d223a2660dc1d72deb8df47e6fb7e15b60 [stream]
[debug] [2025-08-31T15:43:59.763Z] <<< [apiv2][status] POST https://upload-firebasehosting.googleapis.com/upload/sites/barangaymed/versions/e9e6cf6835903eca/files/c0817e1130a5e9df04a3197651229e00125f2bece3c3e39dc46427e3b3b5c8c4 200
[debug] [2025-08-31T15:43:59.763Z] <<< [apiv2][body] POST https://upload-firebasehosting.googleapis.com/upload/sites/barangaymed/versions/e9e6cf6835903eca/files/c0817e1130a5e9df04a3197651229e00125f2bece3c3e39dc46427e3b3b5c8c4 [stream]
[debug] [2025-08-31T15:43:59.777Z] <<< [apiv2][status] POST https://upload-firebasehosting.googleapis.com/upload/sites/barangaymed/versions/e9e6cf6835903eca/files/16e08ab73a44158f65031043856ad7b0cda41f5d8215ff0601e0ec48ec4959b1 200
[debug] [2025-08-31T15:43:59.777Z] <<< [apiv2][body] POST https://upload-firebasehosting.googleapis.com/upload/sites/barangaymed/versions/e9e6cf6835903eca/files/16e08ab73a44158f65031043856ad7b0cda41f5d8215ff0601e0ec48ec4959b1 [stream]
[debug] [2025-08-31T15:43:59.813Z] <<< [apiv2][status] POST https://upload-firebasehosting.googleapis.com/upload/sites/barangaymed/versions/e9e6cf6835903eca/files/b64a41c2ea88753cbf8686af5aa762e4c879632cb4a9e4946c89e4fa67ff60a7 200
[debug] [2025-08-31T15:43:59.813Z] <<< [apiv2][body] POST https://upload-firebasehosting.googleapis.com/upload/sites/barangaymed/versions/e9e6cf6835903eca/files/b64a41c2ea88753cbf8686af5aa762e4c879632cb4a9e4946c89e4fa67ff60a7 [stream]
[debug] [2025-08-31T15:43:59.979Z] <<< [apiv2][status] POST https://upload-firebasehosting.googleapis.com/upload/sites/barangaymed/versions/e9e6cf6835903eca/files/cd708b61b562313c4d25514e7bb46689c21da955cd7d26b3cb09c2d7b17b6692 200
[debug] [2025-08-31T15:43:59.979Z] <<< [apiv2][body] POST https://upload-firebasehosting.googleapis.com/upload/sites/barangaymed/versions/e9e6cf6835903eca/files/cd708b61b562313c4d25514e7bb46689c21da955cd7d26b3cb09c2d7b17b6692 [stream]
[debug] [2025-08-31T15:44:00.131Z] <<< [apiv2][status] POST https://upload-firebasehosting.googleapis.com/upload/sites/barangaymed/versions/e9e6cf6835903eca/files/6fb459592ddc41384888c6b8e4b1c89e43937e838ef353a144ed2ac35eb70fa0 200
[debug] [2025-08-31T15:44:00.131Z] <<< [apiv2][body] POST https://upload-firebasehosting.googleapis.com/upload/sites/barangaymed/versions/e9e6cf6835903eca/files/6fb459592ddc41384888c6b8e4b1c89e43937e838ef353a144ed2ac35eb70fa0 [stream]
[debug] [2025-08-31T15:44:00.132Z] [hosting][upload queue][FINAL] {"max":2293,"min":1034,"avg":1580.157894736842,"active":0,"complete":19,"success":19,"errored":0,"retried":0,"total":19,"elapsed":2299}
[info] +  hosting[barangaymed]: file upload complete 
[debug] [2025-08-31T15:44:00.134Z] [hosting] deploy completed after 3133ms
[debug] [2025-08-31T15:44:00.134Z] [rules] releasing firebase.storage/barangaymed.firebasestorage.app with ruleset projects/barangaymed/rulesets/15b440cd-622d-44f6-8cf5-93ffcc319a93
[debug] [2025-08-31T15:44:00.135Z] Checked if tokens are valid: true, expires at: 1756657011062
[debug] [2025-08-31T15:44:00.135Z] Checked if tokens are valid: true, expires at: 1756657011062
[debug] [2025-08-31T15:44:00.135Z] >>> [apiv2][query] PATCH https://firebaserules.googleapis.com/v1/projects/barangaymed/releases/firebase.storage/barangaymed.firebasestorage.app [none]
[debug] [2025-08-31T15:44:00.135Z] >>> [apiv2][body] PATCH https://firebaserules.googleapis.com/v1/projects/barangaymed/releases/firebase.storage/barangaymed.firebasestorage.app {"release":{"name":"projects/barangaymed/releases/firebase.storage/barangaymed.firebasestorage.app","rulesetName":"projects/barangaymed/rulesets/15b440cd-622d-44f6-8cf5-93ffcc319a93"}}
[debug] [2025-08-31T15:44:01.156Z] <<< [apiv2][status] PATCH https://firebaserules.googleapis.com/v1/projects/barangaymed/releases/firebase.storage/barangaymed.firebasestorage.app 200
[debug] [2025-08-31T15:44:01.156Z] <<< [apiv2][body] PATCH https://firebaserules.googleapis.com/v1/projects/barangaymed/releases/firebase.storage/barangaymed.firebasestorage.app {"name":"projects/barangaymed/releases/firebase.storage/barangaymed.firebasestorage.app","rulesetName":"projects/barangaymed/rulesets/15b440cd-622d-44f6-8cf5-93ffcc319a93","createTime":"2025-08-27T18:54:59.341827Z","updateTime":"2025-08-31T15:44:02.893821Z"}
[debug] [2025-08-31T15:44:01.156Z] [rules] updated release projects/barangaymed/releases/firebase.storage/barangaymed.firebasestorage.app
[info] +  storage: released rules storage.rules to firebase.storage 
[debug] [2025-08-31T15:44:01.157Z] [rules] releasing cloud.firestore/(default) with ruleset projects/barangaymed/rulesets/ffe5d42c-d91e-4ca2-ab30-762a9f1f6d8c
[debug] [2025-08-31T15:44:01.157Z] Checked if tokens are valid: true, expires at: 1756657011062
[debug] [2025-08-31T15:44:01.157Z] Checked if tokens are valid: true, expires at: 1756657011062
[debug] [2025-08-31T15:44:01.158Z] >>> [apiv2][query] PATCH https://firebaserules.googleapis.com/v1/projects/barangaymed/releases/cloud.firestore/(default) [none]
[debug] [2025-08-31T15:44:01.158Z] >>> [apiv2][body] PATCH https://firebaserules.googleapis.com/v1/projects/barangaymed/releases/cloud.firestore/(default) {"release":{"name":"projects/barangaymed/releases/cloud.firestore/(default)","rulesetName":"projects/barangaymed/rulesets/ffe5d42c-d91e-4ca2-ab30-762a9f1f6d8c"}}
[debug] [2025-08-31T15:44:02.228Z] <<< [apiv2][status] PATCH https://firebaserules.googleapis.com/v1/projects/barangaymed/releases/cloud.firestore/(default) 200
[debug] [2025-08-31T15:44:02.228Z] <<< [apiv2][body] PATCH https://firebaserules.googleapis.com/v1/projects/barangaymed/releases/cloud.firestore/(default) {"name":"projects/barangaymed/releases/cloud.firestore","rulesetName":"projects/barangaymed/rulesets/ffe5d42c-d91e-4ca2-ab30-762a9f1f6d8c","createTime":"2025-07-30T07:09:52.181451Z","updateTime":"2025-08-31T15:44:03.966537Z"}
[debug] [2025-08-31T15:44:02.228Z] [rules] updated release projects/barangaymed/releases/cloud.firestore
[info] +  firestore: released rules firestore.rules to cloud.firestore 
[info] 
The following functions are found in your project but do not exist in your local source code:
	moderateAnnouncementImage(us-central1)

If you are renaming a function or changing its region, it is recommended that you create the new function first before deleting the old one to prevent event loss. For more info, visit https://firebase.google.com/docs/functions/manage-functions#modify

